<html>
<body>
<pre>
<h1>µVision Build Log</h1>
<h2>Project:</h2>
C:\Users\ramya\Desktop\LAB 10 - VIDEO GAME\lab10-tara-ramya-1\SpaceInvaders.uvproj
Project File Date:  05/02/2017

<h2>Output:</h2>
Build target 'SpaceInvaders'
compiling SpaceInvaders.c...
linking...
Program Size: Code=10316 RO-data=30032 RW-data=416 ZI-data=1176  
".\SpaceInvaders.axf" - 0 Error(s), 0 Warning(s).
Load "C:\\Users\\ramya\\Desktop\\LAB 10 - VIDEO GAME\\lab10-tara-ramya-1\\SpaceInvaders.axf" 
Connecting: Mode=JTAG, Speed=1000000Hz
Erase Done.
Programming Done.
Verify OK.
</pre>
</body>
</html>
