ARM Linker, 5.03 [Build 76] [MDK-ARM Professional]

==============================================================================

Section Cross References

    startup.o(STACK) refers (Special) to heapauxi.o(.text) for __use_two_region_memory
    startup.o(HEAP) refers (Special) to heapauxi.o(.text) for __use_two_region_memory
    startup.o(RESET) refers (Special) to heapauxi.o(.text) for __use_two_region_memory
    startup.o(RESET) refers to startup.o(STACK) for StackMem
    startup.o(RESET) refers to spaceinvaders.o(i.SysTick_Handler) for SysTick_Handler
    startup.o(RESET) refers to timer0.o(i.Timer0A_Handler) for Timer0A_Handler
    startup.o(RESET) refers to timer1.o(i.Timer1A_Handler) for Timer1A_Handler
    startup.o(RESET) refers to timer2.o(i.Timer2A_Handler) for Timer2A_Handler
    startup.o(RESET) refers to button.o(i.GPIOPortF_Handler) for GPIOPortF_Handler
    startup.o(RESET) refers to texas.o(.text) for Timer4A_Handler
    startup.o(RESET) refers to __main.o(!!!main) for __main
    startup.o(.text) refers (Special) to heapauxi.o(.text) for __use_two_region_memory
    startup.o(.text) refers to startup.o(HEAP) for HeapMem
    startup.o(.text) refers to startup.o(STACK) for StackMem
    random.o(.text) refers to random.o(DATA) for M
    timer0.o(i.Timer0A_Handler) refers to timer0.o(.data) for PeriodicTask0
    timer0.o(i.Timer0_Init) refers to timer0.o(.data) for PeriodicTask0
    timer0.o(i.UserTask0A) refers to timer0.o(.data) for cnt_bullet
    timer0.o(i.UserTask0A) refers to struct_definition.o(.data) for Bullet
    timer1.o(i.Timer1A_Handler) refers to timer1.o(.data) for PeriodicTask1
    timer1.o(i.Timer1_Init) refers to timer1.o(.data) for PeriodicTask1
    timer1.o(i.UserTask1A) refers to dac.o(i.DAC_Out) for DAC_Out
    timer1.o(i.UserTask1A) refers to struct_definition.o(.constdata) for wave
    timer1.o(i.UserTask1A) refers to global_variables.o(.data) for Index
    sound.o(i.Song_Play) refers to timer2.o(i.Timer2_Init) for Timer2_Init
    sound.o(i.Sound_Play) refers to dflt_clz.o(x$fpl$dfltu) for __aeabi_ui2d
    sound.o(i.Sound_Play) refers to ddiv.o(x$fpl$ddiv) for __aeabi_ddiv
    sound.o(i.Sound_Play) refers to dfixu.o(x$fpl$dfixu) for __aeabi_d2uiz
    sound.o(i.Sound_Play) refers to timer2.o(i.Timer2_Init) for Timer2_Init
    sound.o(i.Sound_Play) refers to timer1.o(i.Timer1_Init) for Timer1_Init
    sound.o(i.Sound_Play) refers to global_variables.o(.data) for sound_flag
    sound.o(i.Sound_Play) refers to struct_definition.o(.constdata) for end_song
    sound.o(i.Sound_Play) refers to timer1.o(i.UserTask1A) for UserTask1A
    print.o(.text) refers to st7735.o(i.ST7735_OutChar) for ST7735_OutChar
    print.o(.text) refers to st7735.o(i.ST7735_OutString) for ST7735_OutString
    spaceinvaders.o(i.SysTick_Handler) refers to adc.o(i.ADC_In) for ADC_In
    spaceinvaders.o(i.SysTick_Handler) refers to spaceinvaders.o(.data) for ADCMail
    spaceinvaders.o(i.main) refers to texas.o(.text) for TExaS_Init
    spaceinvaders.o(i.main) refers to random.o(.text) for Random_Init
    spaceinvaders.o(i.main) refers to adc.o(i.ADC_Init) for ADC_Init
    spaceinvaders.o(i.main) refers to spaceinvaders.o(i.SysTick_Init) for SysTick_Init
    spaceinvaders.o(i.main) refers to dac.o(i.DAC_Init) for DAC_Init
    spaceinvaders.o(i.main) refers to st7735.o(i.Output_Init) for Output_Init
    spaceinvaders.o(i.main) refers to st7735.o(i.ST7735_FillScreen) for ST7735_FillScreen
    spaceinvaders.o(i.main) refers to timer0.o(i.Timer0_Init) for Timer0_Init
    spaceinvaders.o(i.main) refers to button.o(i.Button_Init) for Button_Init
    spaceinvaders.o(i.main) refers to sound.o(i.Song_Play) for Song_Play
    spaceinvaders.o(i.main) refers to st7735.o(i.ST7735_DrawString) for ST7735_DrawString
    spaceinvaders.o(i.main) refers to st7735.o(i.ST7735_DrawBitmap) for ST7735_DrawBitmap
    spaceinvaders.o(i.main) refers to sound.o(i.Sound_Play) for Sound_Play
    spaceinvaders.o(i.main) refers to spaceinvaders.o(i.Convert) for Convert
    spaceinvaders.o(i.main) refers to update.o(i.gorillaLand) for gorillaLand
    spaceinvaders.o(i.main) refers to update.o(i.moveGorilla) for moveGorilla
    spaceinvaders.o(i.main) refers to update.o(i.check_Bullet) for check_Bullet
    spaceinvaders.o(i.main) refers to update.o(i.captBanana) for captBanana
    spaceinvaders.o(i.main) refers to display_engine.o(i.Display_Engine) for Display_Engine
    spaceinvaders.o(i.main) refers to st7735.o(i.ST7735_SetCursor) for ST7735_SetCursor
    spaceinvaders.o(i.main) refers to print.o(.text) for LCD_OutDec
    spaceinvaders.o(i.main) refers to spaceinvaders.o(i.Delay100ms) for Delay100ms
    spaceinvaders.o(i.main) refers to spaceinvaders.o(.data) for seed
    spaceinvaders.o(i.main) refers to timer0.o(i.UserTask0A) for UserTask0A
    spaceinvaders.o(i.main) refers to global_variables.o(.data) for sound_flag
    spaceinvaders.o(i.main) refers to struct_definition.o(.constdata) for emoji
[...]
    st7735.o(i.ST7735_OutUDec) refers to st7735.o(i.fillmessage) for fillmessage
    st7735.o(i.ST7735_OutUDec) refers to st7735.o(i.ST7735_DrawString) for ST7735_DrawString
    st7735.o(i.ST7735_OutUDec) refers to st7735.o(i.ST7735_DrawCharS) for ST7735_DrawCharS
    st7735.o(i.ST7735_OutUDec) refers to st7735.o(.data) for Messageindex
    st7735.o(i.ST7735_OutUDec) refers to st7735.o(.bss) for Message
    st7735.o(i.ST7735_PlotBar) refers to st7735.o(i.ST7735_DrawFastVLine) for ST7735_DrawFastVLine
    st7735.o(i.ST7735_PlotBar) refers to st7735.o(.data) for Ymin
    st7735.o(i.ST7735_PlotClear) refers to st7735.o(i.ST7735_Color565) for ST7735_Color565
    st7735.o(i.ST7735_PlotClear) refers to st7735.o(i.ST7735_FillRect) for ST7735_FillRect
    st7735.o(i.ST7735_PlotClear) refers to st7735.o(.data) for Ymax
    st7735.o(i.ST7735_PlotLine) refers to st7735.o(i.ST7735_DrawPixel) for ST7735_DrawPixel
    st7735.o(i.ST7735_PlotLine) refers to st7735.o(.data) for Ymin
    st7735.o(i.ST7735_PlotNext) refers to st7735.o(.data) for X
    st7735.o(i.ST7735_PlotNextErase) refers to st7735.o(i.ST7735_Color565) for ST7735_Color565
    st7735.o(i.ST7735_PlotNextErase) refers to st7735.o(i.ST7735_DrawFastVLine) for ST7735_DrawFastVLine
    st7735.o(i.ST7735_PlotNextErase) refers to st7735.o(.data) for X
    st7735.o(i.ST7735_PlotPoint) refers to st7735.o(i.ST7735_DrawPixel) for ST7735_DrawPixel
    st7735.o(i.ST7735_PlotPoint) refers to st7735.o(.data) for Ymin
    st7735.o(i.ST7735_PlotPoints) refers to st7735.o(i.ST7735_DrawPixel) for ST7735_DrawPixel
    st7735.o(i.ST7735_PlotPoints) refers to st7735.o(.data) for Ymin
    st7735.o(i.ST7735_PlotdBfs) refers to st7735.o(i.ST7735_DrawFastVLine) for ST7735_DrawFastVLine
    st7735.o(i.ST7735_PlotdBfs) refers to st7735.o(.constdata) for dBfs
    st7735.o(i.ST7735_PlotdBfs) refers to st7735.o(.data) for X
    st7735.o(i.ST7735_SetCursor) refers to st7735.o(.data) for StX
    st7735.o(i.ST7735_SetRotation) refers to lcd.o(.text) for writecommand
    st7735.o(i.ST7735_SetRotation) refers to st7735.o(.data) for Rotation
    st7735.o(i.ST7735_SetTextColor) refers to st7735.o(.data) for StTextColor
    st7735.o(i.commandList) refers to lcd.o(.text) for writecommand
    st7735.o(i.commandList) refers to st7735.o(i.Delay1ms) for Delay1ms
    st7735.o(i.commonInit) refers to st7735.o(i.Delay1ms) for Delay1ms
    st7735.o(i.commonInit) refers to st7735.o(i.commandList) for commandList
    st7735.o(i.commonInit) refers to st7735.o(.data) for RowStart
    st7735.o(i.fillmessage) refers to st7735.o(.bss) for Message
    st7735.o(i.fillmessage) refers to st7735.o(.data) for Messageindex
    st7735.o(i.fputc) refers to st7735.o(i.ST7735_OutChar) for ST7735_OutChar
    st7735.o(i.pushColor) refers to lcd.o(.text) for writedata
    st7735.o(i.setAddrWindow) refers to lcd.o(.text) for writecommand
    st7735.o(i.setAddrWindow) refers to st7735.o(.data) for ColStart
    display_engine.o(i.Display_Engine) refers to st7735.o(i.ST7735_FillRect) for ST7735_FillRect
    display_engine.o(i.Display_Engine) refers to st7735.o(i.ST7735_DrawBitmap) for ST7735_DrawBitmap
    display_engine.o(i.Display_Engine) refers to display_engine.o(i.Delay_100ms) for Delay_100ms
    display_engine.o(i.Display_Engine) refers to adc.o(i.ADC_In) for ADC_In
    display_engine.o(i.Display_Engine) refers to random.o(.text) for Random_Init
    display_engine.o(i.Display_Engine) refers to display_engine.o(i.randomy) for randomy
    display_engine.o(i.Display_Engine) refers to struct_definition.o(.data) for Bananas
    display_engine.o(i.Display_Engine) refers to struct_definition.o(.constdata) for sprite_banana
    display_engine.o(i.randomy) refers to random.o(.text) for Random32
    update.o(i.captBanana) refers to struct_definition.o(.data) for Bananas
    update.o(i.captBanana) refers to global_variables.o(.data) for sound_flag
    update.o(i.check_Bullet) refers to struct_definition.o(.data) for Bullet
    update.o(i.check_Bullet) refers to global_variables.o(.data) for dead_flag
    update.o(i.gorillaLand) refers to struct_definition.o(.data) for Platform
    update.o(i.gorillaLand) refers to global_variables.o(.data) for Gdown
    update.o(i.moveGorilla) refers to struct_definition.o(.data) for Gorilla
    button.o(i.Button_Init) refers to startup.o(.text) for DisableInterrupts
    button.o(i.GPIOPortF_Handler) refers to global_variables.o(.data) for Gdown
    timer2.o(i.Timer2A_Handler) refers to timer1.o(i.Timer1_Init) for Timer1_Init
    timer2.o(i.Timer2A_Handler) refers to sound.o(i.Sound_Play) for Sound_Play
    timer2.o(i.Timer2A_Handler) refers to timer2.o(.data) for TimerCount
    timer2.o(i.Timer2A_Handler) refers to global_variables.o(.data) for sound_flag
    timer2.o(i.Timer2A_Handler) refers to struct_definition.o(.constdata) for guns_n_roses
    timer2.o(i.Timer2A_Handler) refers to timer1.o(i.UserTask1A) for UserTask1A
    timer2.o(i.Timer2_Init) refers to timer2.o(.data) for TimerCount
    texas.o(.text) refers to texas.o(.bss) for TExaS
    texas.o(.text) refers to texas.o(.constdata) for IntroMsg
    texas.o(.text) refers to texas.o(.data) for LastMode
    __main.o(!!!main) refers to rtentry.o(.ARM.Collect$$rtentry$$00000000) for __rt_entry
    ddiv.o(x$fpl$drdiv) refers (Special) to usenofp.o(x$fpl$usenofp) for __I$use$fp
    ddiv.o(x$fpl$drdiv) refers to ddiv.o(x$fpl$ddiv) for ddiv_entry
    ddiv.o(x$fpl$ddiv) refers (Special) to usenofp.o(x$fpl$usenofp) for __I$use$fp
    ddiv.o(x$fpl$ddiv) refers to dretinf.o(x$fpl$dretinf) for __fpl_dretinf
    ddiv.o(x$fpl$ddiv) refers to dnaninf.o(x$fpl$dnaninf) for __fpl_dnaninf
    dfixu.o(x$fpl$dfixu) refers (Special) to usenofp.o(x$fpl$usenofp) for __I$use$fp
    dfixu.o(x$fpl$dfixu) refers to dnaninf.o(x$fpl$dnaninf) for __fpl_dnaninf
    dfixu.o(x$fpl$dfixur) refers (Special) to usenofp.o(x$fpl$usenofp) for __I$use$fp
    dfixu.o(x$fpl$dfixur) refers to dnaninf.o(x$fpl$dnaninf) for __fpl_dnaninf
    dflt_clz.o(x$fpl$dfltu) refers (Special) to usenofp.o(x$fpl$usenofp) for __I$use$fp
    dflt_clz.o(x$fpl$dflt) refers (Special) to usenofp.o(x$fpl$usenofp) for __I$use$fp
    dflt_clz.o(x$fpl$dfltn) refers (Special) to usenofp.o(x$fpl$usenofp) for __I$use$fp
    rtentry.o(.ARM.Collect$$rtentry$$00000000) refers (Special) to rtentry2.o(.ARM.Collect$$rtentry$$0000000A) for __rt_entry_li
    rtentry.o(.ARM.Collect$$rtentry$$00000000) refers (Special) to rtentry2.o(.ARM.Collect$$rtentry$$0000000D) for __rt_entry_main
    rtentry.o(.ARM.Collect$$rtentry$$00000000) refers (Special) to rtentry2.o(.ARM.Collect$$rtentry$$0000000C) for __rt_entry_postli_1
    rtentry.o(.ARM.Collect$$rtentry$$00000000) refers (Special) to rtentry2.o(.ARM.Collect$$rtentry$$00000009) for __rt_entry_postsh_1
    rtentry.o(.ARM.Collect$$rtentry$$00000000) refers (Special) to rtentry2.o(.ARM.Collect$$rtentry$$00000002) for __rt_entry_presh_1
    rtentry.o(.ARM.Collect$$rtentry$$00000000) refers (Special) to rtentry4.o(.ARM.Collect$$rtentry$$00000004) for __rt_entry_sh
    dnaninf.o(x$fpl$dnaninf) refers (Special) to usenofp.o(x$fpl$usenofp) for __I$use$fp
    dretinf.o(x$fpl$dretinf) refers (Special) to usenofp.o(x$fpl$usenofp) for __I$use$fp
    rtentry2.o(.ARM.Collect$$rtentry$$00000008) refers to boardinit2.o(.text) for _platform_post_stackheap_init
    rtentry2.o(.ARM.Collect$$rtentry$$0000000A) refers to libinit.o(.ARM.Collect$$libinit$$00000000) for __rt_lib_init
    rtentry2.o(.ARM.Collect$$rtentry$$0000000B) refers to boardinit3.o(.text) for _platform_post_lib_init
    rtentry2.o(.ARM.Collect$$rtentry$$0000000D) refers to spaceinvaders.o(i.main) for main
    rtentry2.o(.ARM.Collect$$rtentry$$0000000D) refers to exit.o(.text) for exit
    rtentry2.o(.ARM.exidx) refers to rtentry2.o(.ARM.Collect$$rtentry$$00000001) for .ARM.Collect$$rtentry$$00000001
    rtentry2.o(.ARM.exidx) refers to rtentry2.o(.ARM.Collect$$rtentry$$00000008) for .ARM.Collect$$rtentry$$00000008
    rtentry2.o(.ARM.exidx) refers to rtentry2.o(.ARM.Collect$$rtentry$$0000000A) for .ARM.Collect$$rtentry$$0000000A
    rtentry2.o(.ARM.exidx) refers to rtentry2.o(.ARM.Collect$$rtentry$$0000000B) for .ARM.Collect$$rtentry$$0000000B
    rtentry2.o(.ARM.exidx) refers to rtentry2.o(.ARM.Collect$$rtentry$$0000000D) for .ARM.Collect$$rtentry$$0000000D
    rtentry4.o(.ARM.Collect$$rtentry$$00000004) refers to sys_stackheap_outer.o(.text) for __user_setup_stackheap
    rtentry4.o(.ARM.exidx) refers to rtentry4.o(.ARM.Collect$$rtentry$$00000004) for .ARM.Collect$$rtentry$$00000004
    sys_stackheap_outer.o(.text) refers to libspace.o(.text) for __user_perproc_libspace
    sys_stackheap_outer.o(.text) refers to startup.o(.text) for __user_initial_stackheap
    exit.o(.text) refers to rtexit.o(.ARM.Collect$$rtexit$$00000000) for __rt_exit
    libinit.o(.ARM.Collect$$libinit$$00000000) refers (Special) to libinit2.o(.ARM.Collect$$libinit$$0000002C) for __rt_lib_init_alloca_1
    libinit.o(.ARM.Collect$$libinit$$00000000) refers (Special) to libinit2.o(.ARM.Collect$$libinit$$0000002A) for __rt_lib_init_argv_1
    libinit.o(.ARM.Collect$$libinit$$00000000) refers (Special) to libinit2.o(.ARM.Collect$$libinit$$00000019) for __rt_lib_init_atexit_1
    libinit.o(.ARM.Collect$$libinit$$00000000) refers (Special) to libinit2.o(.ARM.Collect$$libinit$$0000001F) for __rt_lib_init_clock_1
    libinit.o(.ARM.Collect$$libinit$$00000000) refers (Special) to libinit2.o(.ARM.Collect$$libinit$$00000030) for __rt_lib_init_cpp_1
    libinit.o(.ARM.Collect$$libinit$$00000000) refers (Special) to libinit2.o(.ARM.Collect$$libinit$$0000002E) for __rt_lib_init_exceptions_1
    libinit.o(.ARM.Collect$$libinit$$00000000) refers (Special) to libinit2.o(.ARM.Collect$$libinit$$00000002) for __rt_lib_init_fp_1
    libinit.o(.ARM.Collect$$libinit$$00000000) refers (Special) to libinit2.o(.ARM.Collect$$libinit$$0000001D) for __rt_lib_init_fp_trap_1
    libinit.o(.ARM.Collect$$libinit$$00000000) refers (Special) to libinit2.o(.ARM.Collect$$libinit$$00000021) for __rt_lib_init_getenv_1
    libinit.o(.ARM.Collect$$libinit$$00000000) refers (Special) to libinit2.o(.ARM.Collect$$libinit$$00000008) for __rt_lib_init_heap_1
    libinit.o(.ARM.Collect$$libinit$$00000000) refers (Special) to libinit2.o(.ARM.Collect$$libinit$$0000000F) for __rt_lib_init_lc_collate_1
    libinit.o(.ARM.Collect$$libinit$$00000000) refers (Special) to libinit2.o(.ARM.Collect$$libinit$$00000011) for __rt_lib_init_lc_ctype_1
    libinit.o(.ARM.Collect$$libinit$$00000000) refers (Special) to libinit2.o(.ARM.Collect$$libinit$$00000013) for __rt_lib_init_lc_monetary_1
    libinit.o(.ARM.Collect$$libinit$$00000000) refers (Special) to libinit2.o(.ARM.Collect$$libinit$$00000015) for __rt_lib_init_lc_numeric_1
    libinit.o(.ARM.Collect$$libinit$$00000000) refers (Special) to libinit2.o(.ARM.Collect$$libinit$$00000017) for __rt_lib_init_lc_time_1
    libinit.o(.ARM.Collect$$libinit$$00000000) refers (Special) to libinit2.o(.ARM.Collect$$libinit$$0000000C) for __rt_lib_init_rand_1
    libinit.o(.ARM.Collect$$libinit$$00000000) refers (Special) to libinit2.o(.ARM.Collect$$libinit$$00000031) for __rt_lib_init_return
    libinit.o(.ARM.Collect$$libinit$$00000000) refers (Special) to libinit2.o(.ARM.Collect$$libinit$$0000001B) for __rt_lib_init_signal_1
    libinit.o(.ARM.Collect$$libinit$$00000000) refers (Special) to libinit2.o(.ARM.Collect$$libinit$$00000023) for __rt_lib_init_stdio_1
    libinit.o(.ARM.Collect$$libinit$$00000000) refers (Special) to libinit2.o(.ARM.Collect$$libinit$$0000000A) for __rt_lib_init_user_alloc_1
    libspace.o(.text) refers to libspace.o(.bss) for __libspace_start
    rtexit.o(.ARM.Collect$$rtexit$$00000000) refers (Special) to rtexit2.o(.ARM.Collect$$rtexit$$00000004) for __rt_exit_exit
    rtexit.o(.ARM.Collect$$rtexit$$00000000) refers (Special) to rtexit2.o(.ARM.Collect$$rtexit$$00000003) for __rt_exit_ls
    rtexit.o(.ARM.Collect$$rtexit$$00000000) refers (Special) to rtexit2.o(.ARM.Collect$$rtexit$$00000002) for __rt_exit_prels_1
    rtexit.o(.ARM.exidx) refers (Special) to rtexit2.o(.ARM.Collect$$rtexit$$00000004) for __rt_exit_exit
    rtexit.o(.ARM.exidx) refers (Special) to rtexit2.o(.ARM.Collect$$rtexit$$00000003) for __rt_exit_ls
    rtexit.o(.ARM.exidx) refers (Special) to rtexit2.o(.ARM.Collect$$rtexit$$00000002) for __rt_exit_prels_1
    rtexit.o(.ARM.exidx) refers to rtexit.o(.ARM.Collect$$rtexit$$00000000) for .ARM.Collect$$rtexit$$00000000
    libinit2.o(.ARM.Collect$$libinit$$0000000E) refers to libinit2.o(.ARM.Collect$$libinit$$0000000D) for .ARM.Collect$$libinit$$0000000D
    libinit2.o(.ARM.Collect$$libinit$$00000010) refers to libinit2.o(.ARM.Collect$$libinit$$0000000D) for .ARM.Collect$$libinit$$0000000D
    libinit2.o(.ARM.Collect$$libinit$$00000012) refers to libinit2.o(.ARM.Collect$$libinit$$0000000D) for .ARM.Collect$$libinit$$0000000D
    libinit2.o(.ARM.Collect$$libinit$$00000014) refers to libinit2.o(.ARM.Collect$$libinit$$0000000D) for .ARM.Collect$$libinit$$0000000D
    libinit2.o(.ARM.Collect$$libinit$$00000016) refers to libinit2.o(.ARM.Collect$$libinit$$0000000D) for .ARM.Collect$$libinit$$0000000D
    libinit2.o(.ARM.Collect$$libinit$$00000024) refers to argv_veneer.o(.emb_text) for __ARM_argv_veneer
    libinit2.o(.ARM.Collect$$libinit$$00000025) refers to argv_veneer.o(.emb_text) for __ARM_argv_veneer
    rtexit2.o(.ARM.Collect$$rtexit$$00000003) refers to libshutdown.o(.ARM.Collect$$libshutdown$$00000000) for __rt_lib_shutdown
    rtexit2.o(.ARM.Collect$$rtexit$$00000004) refers to sys_exit.o(.text) for _sys_exit
    rtexit2.o(.ARM.exidx) refers to rtexit2.o(.ARM.Collect$$rtexit$$00000001) for .ARM.Collect$$rtexit$$00000001
    rtexit2.o(.ARM.exidx) refers to rtexit2.o(.ARM.Collect$$rtexit$$00000003) for .ARM.Collect$$rtexit$$00000003
    rtexit2.o(.ARM.exidx) refers to rtexit2.o(.ARM.Collect$$rtexit$$00000004) for .ARM.Collect$$rtexit$$00000004
    argv_veneer.o(.emb_text) refers to no_argv.o(.text) for __ARM_get_argv
    sys_exit.o(.text) refers (Special) to use_no_semi.o(.text) for __I$use$semihosting
    sys_exit.o(.text) refers (Special) to indicate_semi.o(.text) for __semihosting_library_function
    _get_argv_nomalloc.o(.text) refers (Special) to hrguard.o(.text) for __heap_region$guard
    _get_argv_nomalloc.o(.text) refers to defsig_rtmem_outer.o(.text) for __rt_SIGRTMEM
    _get_argv_nomalloc.o(.text) refers to sys_command.o(.text) for _sys_command_string
    libshutdown.o(.ARM.Collect$$libshutdown$$00000000) refers (Special) to libshutdown2.o(.ARM.Collect$$libshutdown$$00000006) for __rt_lib_shutdown_fp_trap_1
    libshutdown.o(.ARM.Collect$$libshutdown$$00000000) refers (Special) to libshutdown2.o(.ARM.Collect$$libshutdown$$0000000E) for __rt_lib_shutdown_heap_1
    libshutdown.o(.ARM.Collect$$libshutdown$$00000000) refers (Special) to libshutdown2.o(.ARM.Collect$$libshutdown$$0000000F) for __rt_lib_shutdown_return
    libshutdown.o(.ARM.Collect$$libshutdown$$00000000) refers (Special) to libshutdown2.o(.ARM.Collect$$libshutdown$$00000009) for __rt_lib_shutdown_signal_1
    libshutdown.o(.ARM.Collect$$libshutdown$$00000000) refers (Special) to libshutdown2.o(.ARM.Collect$$libshutdown$$00000003) for __rt_lib_shutdown_stdio_1
    libshutdown.o(.ARM.Collect$$libshutdown$$00000000) refers (Special) to libshutdown2.o(.ARM.Collect$$libshutdown$$0000000B) for __rt_lib_shutdown_user_alloc_1
    sys_command.o(.text) refers (Special) to use_no_semi.o(.text) for __I$use$semihosting
    sys_command.o(.text) refers (Special) to indicate_semi.o(.text) for __semihosting_library_function
    defsig_rtmem_outer.o(.text) refers to defsig_rtmem_inner.o(.text) for __rt_SIGRTMEM_inner
    defsig_rtmem_outer.o(.text) refers to defsig_exit.o(.text) for __sig_exit
    defsig_rtmem_formal.o(.text) refers to rt_raise.o(.text) for __rt_raise
    rt_raise.o(.text) refers to __raise.o(.text) for __raise
    rt_raise.o(.text) refers to sys_exit.o(.text) for _sys_exit
    defsig_exit.o(.text) refers to sys_exit.o(.text) for _sys_exit
    defsig_rtmem_inner.o(.text) refers to defsig_general.o(.text) for __default_signal_display
    __raise.o(.text) refers to defsig.o(CL$$defsig) for __default_signal_handler
    defsig_general.o(.text) refers to sys_wrch.o(.text) for _ttywrch
    sys_wrch.o(.text) refers (Special) to use_no_semi.o(.text) for __I$use$semihosting
    sys_wrch.o(.text) refers (Special) to indicate_semi.o(.text) for __semihosting_library_function
    defsig.o(CL$$defsig) refers to defsig_rtmem_inner.o(.text) for __rt_SIGRTMEM_inner
    defsig_abrt_inner.o(.text) refers to defsig_general.o(.text) for __default_signal_display
    defsig_fpe_inner.o(.text) refers to defsig_general.o(.text) for __default_signal_display
    defsig_rtred_inner.o(.text) refers to defsig_general.o(.text) for __default_signal_display
    defsig_stak_inner.o(.text) refers to defsig_general.o(.text) for __default_signal_display
    defsig_pvfn_inner.o(.text) refers to defsig_general.o(.text) for __default_signal_display
    defsig_cppl_inner.o(.text) refers to defsig_general.o(.text) for __default_signal_display
    defsig_segv_inner.o(.text) refers to defsig_general.o(.text) for __default_signal_display
    defsig_other.o(.text) refers to defsig_general.o(.text) for __default_signal_display


==============================================================================

Removing Unused input sections from the image.

    Removing sound.o(i.Sound_Init), (2 bytes).
    Removing st7735.o(i.Output_Clear), (10 bytes).
    Removing st7735.o(i.Output_Color), (12 bytes).
    Removing st7735.o(i.Output_Off), (8 bytes).
    Removing st7735.o(i.Output_On), (8 bytes).
    Removing st7735.o(i.ST7735_Color565), (24 bytes).
    Removing st7735.o(i.ST7735_DrawChar), (268 bytes).
    Removing st7735.o(i.ST7735_DrawFastHLine), (124 bytes).
    Removing st7735.o(i.ST7735_DrawFastVLine), (124 bytes).
    Removing st7735.o(i.ST7735_InitB), (40 bytes).
    Removing st7735.o(i.ST7735_InvertDisplay), (22 bytes).
    Removing st7735.o(i.ST7735_OutUDec), (140 bytes).
    Removing st7735.o(i.ST7735_PlotBar), (88 bytes).
    Removing st7735.o(i.ST7735_PlotClear), (92 bytes).
    Removing st7735.o(i.ST7735_PlotLine), (264 bytes).
    Removing st7735.o(i.ST7735_PlotNext), (32 bytes).
    Removing st7735.o(i.ST7735_PlotNextErase), (64 bytes).
    Removing st7735.o(i.ST7735_PlotPoint), (152 bytes).
    Removing st7735.o(i.ST7735_PlotPoints), (172 bytes).
    Removing st7735.o(i.ST7735_PlotdBfs), (60 bytes).
    Removing st7735.o(i.ST7735_SetRotation), (212 bytes).
    Removing st7735.o(i.ST7735_SetTextColor), (12 bytes).
    Removing st7735.o(i.ST7735_SwapColor), (18 bytes).
    Removing st7735.o(i.ferror), (8 bytes).
    Removing st7735.o(i.fgetc), (6 bytes).
    Removing st7735.o(i.fillmessage), (72 bytes).
    Removing st7735.o(i.fputc), (16 bytes).
    Removing st7735.o(.bss), (12 bytes).

28 unused section(s) (total 2062 bytes) removed from the image.

==============================================================================

Image Symbol Table

    Local Symbols

    Symbol Name                              Value     Ov Type        Size  Object(Section)

    RESET                                    0x00000000   Section      644  startup.o(RESET)
    ../clib/angel/boardlib.s                 0x00000000   Number         0  boardshut.o ABSOLUTE
    ../clib/angel/boardlib.s                 0x00000000   Number         0  boardinit1.o ABSOLUTE
    ../clib/angel/boardlib.s                 0x00000000   Number         0  boardinit3.o ABSOLUTE
    ../clib/angel/boardlib.s                 0x00000000   Number         0  boardinit2.o ABSOLUTE
    ../clib/angel/dczerorl2.s                0x00000000   Number         0  __dczerorl2.o ABSOLUTE
    ../clib/angel/handlers.s                 0x00000000   Number         0  __scatter_zi.o ABSOLUTE
    ../clib/angel/kernel.s                   0x00000000   Number         0  rtexit2.o ABSOLUTE
    ../clib/angel/kernel.s                   0x00000000   Number         0  rtexit.o ABSOLUTE
    ../clib/angel/kernel.s                   0x00000000   Number         0  rtentry.o ABSOLUTE
    ../clib/angel/kernel.s                   0x00000000   Number         0  rtentry4.o ABSOLUTE
    ../clib/angel/kernel.s                   0x00000000   Number         0  rtentry2.o ABSOLUTE
    ../clib/angel/rt.s                       0x00000000   Number         0  rt_raise.o ABSOLUTE
    ../clib/angel/scatter.s                  0x00000000   Number         0  __scatter.o ABSOLUTE
    ../clib/angel/startup.s                  0x00000000   Number         0  __main.o ABSOLUTE
    ../clib/angel/sys.s                      0x00000000   Number         0  use_no_semi.o ABSOLUTE
    ../clib/angel/sys.s                      0x00000000   Number         0  libspace.o ABSOLUTE
    ../clib/angel/sys.s                      0x00000000   Number         0  indicate_semi.o ABSOLUTE
    ../clib/angel/sys.s                      0x00000000   Number         0  sys_stackheap_outer.o ABSOLUTE
    ../clib/angel/sysapp.c                   0x00000000   Number         0  sys_exit.o ABSOLUTE
    ../clib/angel/sysapp.c                   0x00000000   Number         0  sys_wrch.o ABSOLUTE
    ../clib/angel/sysapp.c                   0x00000000   Number         0  sys_command.o ABSOLUTE
    ../clib/armsys.c                         0x00000000   Number         0  argv_veneer.o ABSOLUTE
    ../clib/armsys.c                         0x00000000   Number         0  argv_veneer.o ABSOLUTE
    ../clib/armsys.c                         0x00000000   Number         0  _get_argv_nomalloc.o ABSOLUTE
    ../clib/armsys.c                         0x00000000   Number         0  no_argv.o ABSOLUTE
    ../clib/heapalloc.c                      0x00000000   Number         0  hrguard.o ABSOLUTE
    ../clib/heapaux.c                        0x00000000   Number         0  heapauxi.o ABSOLUTE
    ../clib/libinit.s                        0x00000000   Number         0  libinit2.o ABSOLUTE
    ../clib/libinit.s                        0x00000000   Number         0  libinit.o ABSOLUTE
    ../clib/libinit.s                        0x00000000   Number         0  libshutdown.o ABSOLUTE
    ../clib/libinit.s                        0x00000000   Number         0  libshutdown2.o ABSOLUTE
    ../clib/signal.c                         0x00000000   Number         0  defsig_other.o ABSOLUTE
    ../clib/signal.c                         0x00000000   Number         0  defsig_segv_inner.o ABSOLUTE
    ../clib/signal.c                         0x00000000   Number         0  defsig_cppl_inner.o ABSOLUTE
    ../clib/signal.c                         0x00000000   Number         0  defsig_general.o ABSOLUTE
    ../clib/signal.c                         0x00000000   Number         0  __raise.o ABSOLUTE
    ../clib/signal.c                         0x00000000   Number         0  defsig_pvfn_inner.o ABSOLUTE
    ../clib/signal.c                         0x00000000   Number         0  defsig_exit.o ABSOLUTE
    ../clib/signal.c                         0x00000000   Number         0  defsig_rtmem_formal.o ABSOLUTE
    ../clib/signal.c                         0x00000000   Number         0  defsig_rtmem_outer.o ABSOLUTE
    ../clib/signal.c                         0x00000000   Number         0  defsig_stak_inner.o ABSOLUTE
    ../clib/signal.c                         0x00000000   Number         0  defsig_fpe_inner.o ABSOLUTE
    ../clib/signal.c                         0x00000000   Number         0  defsig_rtred_inner.o ABSOLUTE
    ../clib/signal.c                         0x00000000   Number         0  defsig_abrt_inner.o ABSOLUTE
    ../clib/signal.c                         0x00000000   Number         0  defsig_rtmem_inner.o ABSOLUTE
    ../clib/signal.s                         0x00000000   Number         0  defsig.o ABSOLUTE
    ../clib/stdlib.c                         0x00000000   Number         0  exit.o ABSOLUTE
    ../fplib/ddiv.s                          0x00000000   Number         0  ddiv.o ABSOLUTE
    ../fplib/dfixu.s                         0x00000000   Number         0  dfixu.o ABSOLUTE
    ../fplib/dflt.s                          0x00000000   Number         0  dflt_clz.o ABSOLUTE
    ../fplib/dnaninf.s                       0x00000000   Number         0  dnaninf.o ABSOLUTE
    ../fplib/dretinf.s                       0x00000000   Number         0  dretinf.o ABSOLUTE
    ../fplib/fpinit.s                        0x00000000   Number         0  fpinit.o ABSOLUTE
    ../fplib/usenofp.s                       0x00000000   Number         0  usenofp.o ABSOLUTE
    ADC.c                                    0x00000000   Number         0  adc.o ABSOLUTE
    Button.c                                 0x00000000   Number         0  button.o ABSOLUTE
    DAC.c                                    0x00000000   Number         0  dac.o ABSOLUTE
    Display_engine.c                         0x00000000   Number         0  display_engine.o ABSOLUTE
    LCD.s                                    0x00000000   Number         0  lcd.o ABSOLUTE
    Print.s                                  0x00000000   Number         0  print.o ABSOLUTE
    ST7735.c                                 0x00000000   Number         0  st7735.o ABSOLUTE
    Sound.c                                  0x00000000   Number         0  sound.o ABSOLUTE
    SpaceInvaders.c                          0x00000000   Number         0  spaceinvaders.o ABSOLUTE
    TExaS.c                                  0x00000000   Number         0  texas.o ABSOLUTE
    Timer0.c                                 0x00000000   Number         0  timer0.o ABSOLUTE
    Timer1.c                                 0x00000000   Number         0  timer1.o ABSOLUTE
    Timer2.c                                 0x00000000   Number         0  timer2.o ABSOLUTE
    dc.s                                     0x00000000   Number         0  dc.o ABSOLUTE
    global_variables.c                       0x00000000   Number         0  global_variables.o ABSOLUTE
    random.s                                 0x00000000   Number         0  random.o ABSOLUTE
    startup.s                                0x00000000   Number         0  startup.o ABSOLUTE
    struct_definition.c                      0x00000000   Number         0  struct_definition.o ABSOLUTE
    update.c                                 0x00000000   Number         0  update.o ABSOLUTE
    !!!main                                  0x00000284   Section        8  __main.o(!!!main)
    !!!scatter                               0x0000028c   Section       52  __scatter.o(!!!scatter)
    !!dczerorl2                              0x000002c0   Section       90  __dczerorl2.o(!!dczerorl2)
    !!handler_zi                             0x0000031c   Section       28  __scatter_zi.o(!!handler_zi)
    .ARM.Collect$$libinit$$00000000          0x00000338   Section        2  libinit.o(.ARM.Collect$$libinit$$00000000)
    .ARM.Collect$$libinit$$00000002          0x0000033a   Section        0  libinit2.o(.ARM.Collect$$libinit$$00000002)
    .ARM.Collect$$libinit$$00000008          0x0000033a   Section        0  libinit2.o(.ARM.Collect$$libinit$$00000008)
    .ARM.Collect$$libinit$$0000000A          0x0000033a   Section        0  libinit2.o(.ARM.Collect$$libinit$$0000000A)
    .ARM.Collect$$libinit$$0000000C          0x0000033a   Section        0  libinit2.o(.ARM.Collect$$libinit$$0000000C)
    .ARM.Collect$$libinit$$0000000F          0x0000033a   Section        0  libinit2.o(.ARM.Collect$$libinit$$0000000F)
    .ARM.Collect$$libinit$$00000011          0x0000033a   Section        0  libinit2.o(.ARM.Collect$$libinit$$00000011)
    .ARM.Collect$$libinit$$00000013          0x0000033a   Section        0  libinit2.o(.ARM.Collect$$libinit$$00000013)
    .ARM.Collect$$libinit$$00000015          0x0000033a   Section        0  libinit2.o(.ARM.Collect$$libinit$$00000015)
    .ARM.Collect$$libinit$$00000017          0x0000033a   Section        0  libinit2.o(.ARM.Collect$$libinit$$00000017)
    .ARM.Collect$$libinit$$00000019          0x0000033a   Section        0  libinit2.o(.ARM.Collect$$libinit$$00000019)
    .ARM.Collect$$libinit$$0000001B          0x0000033a   Section        0  libinit2.o(.ARM.Collect$$libinit$$0000001B)
    .ARM.Collect$$libinit$$0000001D          0x0000033a   Section        0  libinit2.o(.ARM.Collect$$libinit$$0000001D)
    .ARM.Collect$$libinit$$0000001F          0x0000033a   Section        0  libinit2.o(.ARM.Collect$$libinit$$0000001F)
    .ARM.Collect$$libinit$$00000021          0x0000033a   Section        0  libinit2.o(.ARM.Collect$$libinit$$00000021)
    .ARM.Collect$$libinit$$00000023          0x0000033a   Section        0  libinit2.o(.ARM.Collect$$libinit$$00000023)
    .ARM.Collect$$libinit$$0000002A          0x0000033a   Section        0  libinit2.o(.ARM.Collect$$libinit$$0000002A)
    .ARM.Collect$$libinit$$0000002C          0x0000033a   Section        0  libinit2.o(.ARM.Collect$$libinit$$0000002C)
    .ARM.Collect$$libinit$$0000002E          0x0000033a   Section        0  libinit2.o(.ARM.Collect$$libinit$$0000002E)
    .ARM.Collect$$libinit$$00000030          0x0000033a   Section        0  libinit2.o(.ARM.Collect$$libinit$$00000030)
    .ARM.Collect$$libinit$$00000031          0x0000033a   Section        2  libinit2.o(.ARM.Collect$$libinit$$00000031)
    .ARM.Collect$$libshutdown$$00000000      0x0000033c   Section        2  libshutdown.o(.ARM.Collect$$libshutdown$$00000000)
    .ARM.Collect$$libshutdown$$00000003      0x0000033e   Section        0  libshutdown2.o(.ARM.Collect$$libshutdown$$00000003)
    .ARM.Collect$$libshutdown$$00000006      0x0000033e   Section        0  libshutdown2.o(.ARM.Collect$$libshutdown$$00000006)
    .ARM.Collect$$libshutdown$$00000009      0x0000033e   Section        0  libshutdown2.o(.ARM.Collect$$libshutdown$$00000009)
    .ARM.Collect$$libshutdown$$0000000B      0x0000033e   Section        0  libshutdown2.o(.ARM.Collect$$libshutdown$$0000000B)
    .ARM.Collect$$libshutdown$$0000000E      0x0000033e   Section        0  libshutdown2.o(.ARM.Collect$$libshutdown$$0000000E)
    .ARM.Collect$$libshutdown$$0000000F      0x0000033e   Section        2  libshutdown2.o(.ARM.Collect$$libshutdown$$0000000F)
    .ARM.Collect$$rtentry$$00000000          0x00000340   Section        0  rtentry.o(.ARM.Collect$$rtentry$$00000000)
    .ARM.Collect$$rtentry$$00000002          0x00000340   Section        0  rtentry2.o(.ARM.Collect$$rtentry$$00000002)
    .ARM.Collect$$rtentry$$00000004          0x00000340   Section        6  rtentry4.o(.ARM.Collect$$rtentry$$00000004)
    .ARM.Collect$$rtentry$$00000009          0x00000346   Section        0  rtentry2.o(.ARM.Collect$$rtentry$$00000009)
    .ARM.Collect$$rtentry$$0000000A          0x00000346   Section        4  rtentry2.o(.ARM.Collect$$rtentry$$0000000A)
    .ARM.Collect$$rtentry$$0000000C          0x0000034a   Section        0  rtentry2.o(.ARM.Collect$$rtentry$$0000000C)
    .ARM.Collect$$rtentry$$0000000D          0x0000034a   Section        8  rtentry2.o(.ARM.Collect$$rtentry$$0000000D)
    .ARM.Collect$$rtexit$$00000000           0x00000352   Section        2  rtexit.o(.ARM.Collect$$rtexit$$00000000)
    .ARM.Collect$$rtexit$$00000002           0x00000354   Section        0  rtexit2.o(.ARM.Collect$$rtexit$$00000002)
    .ARM.Collect$$rtexit$$00000003           0x00000354   Section        4  rtexit2.o(.ARM.Collect$$rtexit$$00000003)
    .ARM.Collect$$rtexit$$00000004           0x00000358   Section        6  rtexit2.o(.ARM.Collect$$rtexit$$00000004)
    .text                                    0x00000360   Section       48  startup.o(.text)
    .text                                    0x00000390   Section       60  random.o(.text)
    .text                                    0x000003cc   Section       88  lcd.o(.text)
    .text                                    0x00000424   Section      284  print.o(.text)
    .text                                    0x00000540   Section        0  texas.o(.text)
    .text                                    0x000009e0   Section        0  heapauxi.o(.text)
    .text                                    0x000009e6   Section       74  sys_stackheap_outer.o(.text)
    .text                                    0x00000a30   Section        0  exit.o(.text)
    .text                                    0x00000a3c   Section        8  libspace.o(.text)
    .text                                    0x00000a44   Section        0  sys_exit.o(.text)
    .text                                    0x00000a50   Section        2  use_no_semi.o(.text)
    .text                                    0x00000a52   Section        0  indicate_semi.o(.text)
    i.ADC_In                                 0x00000a54   Section        0  adc.o(i.ADC_In)
    i.ADC_Init                               0x00000a80   Section        0  adc.o(i.ADC_Init)
    i.Button_Init                            0x00000b74   Section        0  button.o(i.Button_Init)
    i.Convert                                0x00000cac   Section        0  spaceinvaders.o(i.Convert)
    i.DAC_Init                               0x00000cb8   Section        0  dac.o(i.DAC_Init)
    i.DAC_Out                                0x00000d30   Section        0  dac.o(i.DAC_Out)
    i.Delay100ms                             0x00000d3c   Section        0  spaceinvaders.o(i.Delay100ms)
    i.Delay1ms                               0x00000d60   Section        0  st7735.o(i.Delay1ms)
    i.Delay_100ms                            0x00000d80   Section        0  display_engine.o(i.Delay_100ms)
    i.Display_Engine                         0x00000da4   Section        0  display_engine.o(i.Display_Engine)
    i.GPIOPortF_Handler                      0x00001068   Section        0  button.o(i.GPIOPortF_Handler)
    i.Output_Init                            0x00001080   Section        0  st7735.o(i.Output_Init)
    i.ST7735_DrawBitmap                      0x00001090   Section        0  st7735.o(i.ST7735_DrawBitmap)
    i.ST7735_DrawCharS                       0x000011b0   Section        0  st7735.o(i.ST7735_DrawCharS)
    i.ST7735_DrawPixel                       0x000012a4   Section        0  st7735.o(i.ST7735_DrawPixel)
    i.ST7735_DrawString                      0x000012ec   Section        0  st7735.o(i.ST7735_DrawString)
    i.ST7735_FillRect                        0x00001344   Section        0  st7735.o(i.ST7735_FillRect)
    i.ST7735_FillScreen                      0x000013f0   Section        0  st7735.o(i.ST7735_FillScreen)
    i.ST7735_InitR                           0x00001414   Section        0  st7735.o(i.ST7735_InitR)
    i.ST7735_OutChar                         0x00001490   Section        0  st7735.o(i.ST7735_OutChar)
    i.ST7735_OutString                       0x00001564   Section        0  st7735.o(i.ST7735_OutString)
    i.ST7735_SetCursor                       0x0000157c   Section        0  st7735.o(i.ST7735_SetCursor)
    i.Song_Play                              0x0000159c   Section        0  sound.o(i.Song_Play)
    i.Sound_Play                             0x000015ac   Section        0  sound.o(i.Sound_Play)
    i.SysTick_Handler                        0x00001680   Section        0  spaceinvaders.o(i.SysTick_Handler)
    i.SysTick_Init                           0x0000169c   Section        0  spaceinvaders.o(i.SysTick_Init)
    i.Timer0A_Handler                        0x000016dc   Section        0  timer0.o(i.Timer0A_Handler)
    i.Timer0_Init                            0x000016f4   Section        0  timer0.o(i.Timer0_Init)
    i.Timer1A_Handler                        0x00001754   Section        0  timer1.o(i.Timer1A_Handler)
    i.Timer1_Init                            0x0000176c   Section        0  timer1.o(i.Timer1_Init)
    i.Timer2A_Handler                        0x000017cc   Section        0  timer2.o(i.Timer2A_Handler)
    i.Timer2_Init                            0x000018fc   Section        0  timer2.o(i.Timer2_Init)
    i.UserTask0A                             0x00001964   Section        0  timer0.o(i.UserTask0A)
    i.UserTask1A                             0x00001a08   Section        0  timer1.o(i.UserTask1A)
    i.captBanana                             0x00001a30   Section        0  update.o(i.captBanana)
    i.check_Bullet                           0x00001b54   Section        0  update.o(i.check_Bullet)
    i.commandList                            0x00001bd4   Section        0  st7735.o(i.commandList)
    commandList                              0x00001bd5   Thumb Code    86  st7735.o(i.commandList)
    i.commonInit                             0x00001c2c   Section        0  st7735.o(i.commonInit)
    commonInit                               0x00001c2d   Thumb Code   358  st7735.o(i.commonInit)
    i.gorillaLand                            0x00001dc4   Section        0  update.o(i.gorillaLand)
    i.main                                   0x00001e84   Section        0  spaceinvaders.o(i.main)
    i.moveGorilla                            0x00002120   Section        0  update.o(i.moveGorilla)
    i.pushColor                              0x00002160   Section        0  st7735.o(i.pushColor)
    pushColor                                0x00002161   Thumb Code    18  st7735.o(i.pushColor)
    i.randomy                                0x00002172   Section        0  display_engine.o(i.randomy)
    i.setAddrWindow                          0x000021e8   Section        0  st7735.o(i.setAddrWindow)
    setAddrWindow                            0x000021e9   Thumb Code   106  st7735.o(i.setAddrWindow)
    x$fpl$ddiv                               0x0000225c   Section      688  ddiv.o(x$fpl$ddiv)
    ddiv_entry                               0x00002263   Thumb Code     0  ddiv.o(x$fpl$ddiv)
    x$fpl$dfixu                              0x0000250c   Section       90  dfixu.o(x$fpl$dfixu)
    x$fpl$dfltu                              0x00002566   Section       38  dflt_clz.o(x$fpl$dfltu)
    x$fpl$dnaninf                            0x0000258c   Section      156  dnaninf.o(x$fpl$dnaninf)
    x$fpl$dretinf                            0x00002628   Section       12  dretinf.o(x$fpl$dretinf)
    .constdata                               0x00002634   Section     2018  st7735.o(.constdata)
    x$fpl$usenofp                            0x00002634   Section        0  usenofp.o(x$fpl$usenofp)
    Font                                     0x00002634   Data        1275  st7735.o(.constdata)
    Bcmd                                     0x00002b2f   Data         103  st7735.o(.constdata)
    Rcmd1                                    0x00002b96   Data          59  st7735.o(.constdata)
    Rcmd2green                               0x00002bd1   Data          13  st7735.o(.constdata)
    Rcmd2red                                 0x00002bde   Data          13  st7735.o(.constdata)
    Rcmd3                                    0x00002beb   Data          43  st7735.o(.constdata)
    .constdata                               0x00002e16   Section    27740  struct_definition.o(.constdata)
    .constdata                               0x00009a72   Section      240  texas.o(.constdata)
    .data                                    0x20000000   Section       12  timer0.o(.data)
    cnt_bullet                               0x20000000   Data           5  timer0.o(.data)
    .data                                    0x2000000c   Section        4  timer1.o(.data)
    .data                                    0x20000010   Section       40  spaceinvaders.o(.data)
    .data                                    0x20000038   Section       44  st7735.o(.data)
    _width                                   0x20000042   Data           2  st7735.o(.data)
    _height                                  0x20000044   Data           2  st7735.o(.data)
    ColStart                                 0x2000004c   Data           1  st7735.o(.data)
    RowStart                                 0x2000004d   Data           1  st7735.o(.data)
    Rotation                                 0x2000004e   Data           1  st7735.o(.data)
    TabColor                                 0x2000004f   Data           1  st7735.o(.data)
    .data                                    0x20000064   Section      244  struct_definition.o(.data)
    .data                                    0x20000158   Section       12  global_variables.o(.data)
    .data                                    0x20000164   Section        4  timer2.o(.data)
    .data                                    0x20000168   Section       48  texas.o(.data)
    DATA                                     0x20000198   Section        4  random.o(DATA)
    M                                        0x20000198   Data           4  random.o(DATA)
    .bss                                     0x200001a0   Section       56  texas.o(.bss)
    .bss                                     0x200001d8   Section       96  libspace.o(.bss)
    HEAP                                     0x20000238   Section        0  startup.o(HEAP)
    STACK                                    0x20000238   Section     1024  startup.o(STACK)
    HeapMem                                  0x20000238   Data           0  startup.o(HEAP)
    StackMem                                 0x20000238   Data           0  startup.o(STACK)

    Global Symbols

    Symbol Name                              Value     Ov Type        Size  Object(Section)

    BuildAttributes$$THM_ISAv4$E$P$D$K$B$S$7EM$PE$A:L22UL41UL21$X:L11$S22US41US21$IEEE1$IW$USESV6$~STKCKD$USESV7$~SHL$OSPACE$ROPI$EBA8$UX$STANDARDLIB$REQ8$PRES8$EABIv2 0x00000000   Number         0  anon$$obj.o ABSOLUTE
    __ARM_use_no_argv                        0x00000000   Number         0  spaceinvaders.o ABSOLUTE
    __Vectors                                0x00000000   Data           0  startup.o(RESET)
    __ARM_exceptions_init                     - Undefined Weak Reference
    __alloca_initialize                       - Undefined Weak Reference
    __cpp_initialize__aeabi_                  - Undefined Weak Reference
    __cxa_finalize                            - Undefined Weak Reference
    __rt_locale                               - Undefined Weak Reference
    __sigvec_lookup                           - Undefined Weak Reference
    _atexit_init                              - Undefined Weak Reference
    _call_atexit_fns                          - Undefined Weak Reference
    _clock_init                               - Undefined Weak Reference
    _fp_trap_init                             - Undefined Weak Reference
    _fp_trap_shutdown                         - Undefined Weak Reference
    _get_lc_collate                           - Undefined Weak Reference
    _get_lc_ctype                             - Undefined Weak Reference
    _get_lc_monetary                          - Undefined Weak Reference
    _get_lc_numeric                           - Undefined Weak Reference
    _get_lc_time                              - Undefined Weak Reference
    _getenv_init                              - Undefined Weak Reference
    _handle_redirection                       - Undefined Weak Reference
    _init_alloc                               - Undefined Weak Reference
    _init_user_alloc                          - Undefined Weak Reference
    _initio                                   - Undefined Weak Reference
    _rand_init                                - Undefined Weak Reference
    _signal_finish                            - Undefined Weak Reference
    _signal_init                              - Undefined Weak Reference
    _terminate_alloc                          - Undefined Weak Reference
    _terminate_user_alloc                     - Undefined Weak Reference
    _terminateio                              - Undefined Weak Reference
    Reset_Handler                            0x0000026d   Thumb Code     0  startup.o(RESET)
    NMI_Handler                              0x00000271   Thumb Code     2  startup.o(RESET)
    HardFault_Handler                        0x00000273   Thumb Code     2  startup.o(RESET)
    MemManage_Handler                        0x00000275   Thumb Code     2  startup.o(RESET)
    BusFault_Handler                         0x00000277   Thumb Code     2  startup.o(RESET)
    UsageFault_Handler                       0x00000279   Thumb Code     2  startup.o(RESET)
    SVC_Handler                              0x0000027b   Thumb Code     2  startup.o(RESET)
    DebugMon_Handler                         0x0000027d   Thumb Code     2  startup.o(RESET)
    PendSV_Handler                           0x0000027f   Thumb Code     2  startup.o(RESET)
    ADC0Seq0_Handler                         0x00000283   Thumb Code     0  startup.o(RESET)
    ADC0Seq1_Handler                         0x00000283   Thumb Code     0  startup.o(RESET)
    ADC0Seq2_Handler                         0x00000283   Thumb Code     0  startup.o(RESET)
    ADC0Seq3_Handler                         0x00000283   Thumb Code     0  startup.o(RESET)
    ADC1Seq0_Handler                         0x00000283   Thumb Code     0  startup.o(RESET)
    ADC1Seq1_Handler                         0x00000283   Thumb Code     0  startup.o(RESET)
    ADC1Seq2_Handler                         0x00000283   Thumb Code     0  startup.o(RESET)
    ADC1Seq3_Handler                         0x00000283   Thumb Code     0  startup.o(RESET)
    CAN0_Handler                             0x00000283   Thumb Code     0  startup.o(RESET)
    CAN1_Handler                             0x00000283   Thumb Code     0  startup.o(RESET)
    CAN2_Handler                             0x00000283   Thumb Code     0  startup.o(RESET)
    Comp0_Handler                            0x00000283   Thumb Code     0  startup.o(RESET)
    Comp1_Handler                            0x00000283   Thumb Code     0  startup.o(RESET)
    Comp2_Handler                            0x00000283   Thumb Code     0  startup.o(RESET)
    Ethernet_Handler                         0x00000283   Thumb Code     0  startup.o(RESET)
    ExtBus_Handler                           0x00000283   Thumb Code     0  startup.o(RESET)
    FPU_Handler                              0x00000283   Thumb Code     0  startup.o(RESET)
    Fan0_Handler                             0x00000283   Thumb Code     0  startup.o(RESET)
    FlashCtl_Handler                         0x00000283   Thumb Code     0  startup.o(RESET)
    GPIOPortA_Handler                        0x00000283   Thumb Code     0  startup.o(RESET)
    GPIOPortB_Handler                        0x00000283   Thumb Code     0  startup.o(RESET)
    GPIOPortC_Handler                        0x00000283   Thumb Code     0  startup.o(RESET)
    GPIOPortD_Handler                        0x00000283   Thumb Code     0  startup.o(RESET)
    GPIOPortE_Handler                        0x00000283   Thumb Code     0  startup.o(RESET)
    GPIOPortG_Handler                        0x00000283   Thumb Code     0  startup.o(RESET)
    GPIOPortH_Handler                        0x00000283   Thumb Code     0  startup.o(RESET)
    GPIOPortJ_Handler                        0x00000283   Thumb Code     0  startup.o(RESET)
    GPIOPortK_Handler                        0x00000283   Thumb Code     0  startup.o(RESET)
    GPIOPortL_Handler                        0x00000283   Thumb Code     0  startup.o(RESET)
    GPIOPortM_Handler                        0x00000283   Thumb Code     0  startup.o(RESET)
    GPIOPortN_Handler                        0x00000283   Thumb Code     0  startup.o(RESET)
    GPIOPortP1_Handler                       0x00000283   Thumb Code     0  startup.o(RESET)
    GPIOPortP2_Handler                       0x00000283   Thumb Code     0  startup.o(RESET)
    GPIOPortP3_Handler                       0x00000283   Thumb Code     0  startup.o(RESET)
    GPIOPortP4_Handler                       0x00000283   Thumb Code     0  startup.o(RESET)
    GPIOPortP5_Handler                       0x00000283   Thumb Code     0  startup.o(RESET)
    GPIOPortP6_Handler                       0x00000283   Thumb Code     0  startup.o(RESET)
    GPIOPortP7_Handler                       0x00000283   Thumb Code     0  startup.o(RESET)
    GPIOPortP_Handler                        0x00000283   Thumb Code     0  startup.o(RESET)
    GPIOPortQ1_Handler                       0x00000283   Thumb Code     0  startup.o(RESET)
    GPIOPortQ2_Handler                       0x00000283   Thumb Code     0  startup.o(RESET)
    GPIOPortQ3_Handler                       0x00000283   Thumb Code     0  startup.o(RESET)
    GPIOPortQ4_Handler                       0x00000283   Thumb Code     0  startup.o(RESET)
    GPIOPortQ5_Handler                       0x00000283   Thumb Code     0  startup.o(RESET)
    GPIOPortQ6_Handler                       0x00000283   Thumb Code     0  startup.o(RESET)
    GPIOPortQ7_Handler                       0x00000283   Thumb Code     0  startup.o(RESET)
    GPIOPortQ_Handler                        0x00000283   Thumb Code     0  startup.o(RESET)
    GPIOPortR_Handler                        0x00000283   Thumb Code     0  startup.o(RESET)
    GPIOPortS_Handler                        0x00000283   Thumb Code     0  startup.o(RESET)
    Hibernate_Handler                        0x00000283   Thumb Code     0  startup.o(RESET)
    I2C0_Handler                             0x00000283   Thumb Code     0  startup.o(RESET)
    I2C1_Handler                             0x00000283   Thumb Code     0  startup.o(RESET)
    I2C2_Handler                             0x00000283   Thumb Code     0  startup.o(RESET)
    I2C3_Handler                             0x00000283   Thumb Code     0  startup.o(RESET)
    I2C4_Handler                             0x00000283   Thumb Code     0  startup.o(RESET)
    I2C5_Handler                             0x00000283   Thumb Code     0  startup.o(RESET)
    I2S0_Handler                             0x00000283   Thumb Code     0  startup.o(RESET)
    LPC0_Handler                             0x00000283   Thumb Code     0  startup.o(RESET)
    PECI0_Handler                            0x00000283   Thumb Code     0  startup.o(RESET)
    PWM0Fault_Handler                        0x00000283   Thumb Code     0  startup.o(RESET)
    PWM0Generator0_Handler                   0x00000283   Thumb Code     0  startup.o(RESET)
    PWM0Generator1_Handler                   0x00000283   Thumb Code     0  startup.o(RESET)
    PWM0Generator2_Handler                   0x00000283   Thumb Code     0  startup.o(RESET)
    PWM0Generator3_Handler                   0x00000283   Thumb Code     0  startup.o(RESET)
    PWM1Fault_Handler                        0x00000283   Thumb Code     0  startup.o(RESET)
    PWM1Generator0_Handler                   0x00000283   Thumb Code     0  startup.o(RESET)
    PWM1Generator1_Handler                   0x00000283   Thumb Code     0  startup.o(RESET)
    PWM1Generator2_Handler                   0x00000283   Thumb Code     0  startup.o(RESET)
    PWM1Generator3_Handler                   0x00000283   Thumb Code     0  startup.o(RESET)
    Quadrature0_Handler                      0x00000283   Thumb Code     0  startup.o(RESET)
    Quadrature1_Handler                      0x00000283   Thumb Code     0  startup.o(RESET)
    Quadrature2_Handler                      0x00000283   Thumb Code     0  startup.o(RESET)
    SSI0_Handler                             0x00000283   Thumb Code     0  startup.o(RESET)
    SSI1_Handler                             0x00000283   Thumb Code     0  startup.o(RESET)
    SSI2_Handler                             0x00000283   Thumb Code     0  startup.o(RESET)
    SSI3_Handler                             0x00000283   Thumb Code     0  startup.o(RESET)
    SysCtl_Handler                           0x00000283   Thumb Code     0  startup.o(RESET)
    Timer0B_Handler                          0x00000283   Thumb Code     0  startup.o(RESET)
    Timer1B_Handler                          0x00000283   Thumb Code     0  startup.o(RESET)
    Timer2B_Handler                          0x00000283   Thumb Code     0  startup.o(RESET)
    Timer3A_Handler                          0x00000283   Thumb Code     0  startup.o(RESET)
    Timer3B_Handler                          0x00000283   Thumb Code     0  startup.o(RESET)
    Timer4B_Handler                          0x00000283   Thumb Code     0  startup.o(RESET)
    Timer5B_Handler                          0x00000283   Thumb Code     0  startup.o(RESET)
    UART0_Handler                            0x00000283   Thumb Code     0  startup.o(RESET)
    UART1_Handler                            0x00000283   Thumb Code     0  startup.o(RESET)
    UART2_Handler                            0x00000283   Thumb Code     0  startup.o(RESET)
    UART3_Handler                            0x00000283   Thumb Code     0  startup.o(RESET)
    UART4_Handler                            0x00000283   Thumb Code     0  startup.o(RESET)
    UART5_Handler                            0x00000283   Thumb Code     0  startup.o(RESET)
    UART6_Handler                            0x00000283   Thumb Code     0  startup.o(RESET)
    UART7_Handler                            0x00000283   Thumb Code     0  startup.o(RESET)
    USB0_Handler                             0x00000283   Thumb Code     0  startup.o(RESET)
    WDT_Handler                              0x00000283   Thumb Code     0  startup.o(RESET)
    WideTimer0A_Handler                      0x00000283   Thumb Code     0  startup.o(RESET)
    WideTimer0B_Handler                      0x00000283   Thumb Code     0  startup.o(RESET)
    WideTimer1A_Handler                      0x00000283   Thumb Code     0  startup.o(RESET)
    WideTimer1B_Handler                      0x00000283   Thumb Code     0  startup.o(RESET)
    WideTimer2A_Handler                      0x00000283   Thumb Code     0  startup.o(RESET)
    WideTimer2B_Handler                      0x00000283   Thumb Code     0  startup.o(RESET)
    WideTimer3A_Handler                      0x00000283   Thumb Code     0  startup.o(RESET)
    WideTimer3B_Handler                      0x00000283   Thumb Code     0  startup.o(RESET)
    WideTimer4A_Handler                      0x00000283   Thumb Code     0  startup.o(RESET)
    WideTimer4B_Handler                      0x00000283   Thumb Code     0  startup.o(RESET)
    WideTimer5A_Handler                      0x00000283   Thumb Code     0  startup.o(RESET)
    WideTimer5B_Handler                      0x00000283   Thumb Code     0  startup.o(RESET)
    uDMA_Error                               0x00000283   Thumb Code     0  startup.o(RESET)
    uDMA_Handler                             0x00000283   Thumb Code     0  startup.o(RESET)
    __main                                   0x00000285   Thumb Code     8  __main.o(!!!main)
    __scatterload                            0x0000028d   Thumb Code     0  __scatter.o(!!!scatter)
    __scatterload_rt2                        0x0000028d   Thumb Code    44  __scatter.o(!!!scatter)
    __scatterload_rt2_thumb_only             0x0000028d   Thumb Code     0  __scatter.o(!!!scatter)
    __scatterload_null                       0x0000029b   Thumb Code     0  __scatter.o(!!!scatter)
    __decompress                             0x000002c1   Thumb Code    90  __dczerorl2.o(!!dczerorl2)
    __decompress1                            0x000002c1   Thumb Code     0  __dczerorl2.o(!!dczerorl2)
    __scatterload_zeroinit                   0x0000031d   Thumb Code    28  __scatter_zi.o(!!handler_zi)
    __rt_lib_init                            0x00000339   Thumb Code     0  libinit.o(.ARM.Collect$$libinit$$00000000)
    __rt_lib_init_alloca_1                   0x0000033b   Thumb Code     0  libinit2.o(.ARM.Collect$$libinit$$0000002C)
    __rt_lib_init_argv_1                     0x0000033b   Thumb Code     0  libinit2.o(.ARM.Collect$$libinit$$0000002A)
    __rt_lib_init_atexit_1                   0x0000033b   Thumb Code     0  libinit2.o(.ARM.Collect$$libinit$$00000019)
    __rt_lib_init_clock_1                    0x0000033b   Thumb Code     0  libinit2.o(.ARM.Collect$$libinit$$0000001F)
    __rt_lib_init_cpp_1                      0x0000033b   Thumb Code     0  libinit2.o(.ARM.Collect$$libinit$$00000030)
    __rt_lib_init_exceptions_1               0x0000033b   Thumb Code     0  libinit2.o(.ARM.Collect$$libinit$$0000002E)
    __rt_lib_init_fp_1                       0x0000033b   Thumb Code     0  libinit2.o(.ARM.Collect$$libinit$$00000002)
    __rt_lib_init_fp_trap_1                  0x0000033b   Thumb Code     0  libinit2.o(.ARM.Collect$$libinit$$0000001D)
    __rt_lib_init_getenv_1                   0x0000033b   Thumb Code     0  libinit2.o(.ARM.Collect$$libinit$$00000021)
    __rt_lib_init_heap_1                     0x0000033b   Thumb Code     0  libinit2.o(.ARM.Collect$$libinit$$00000008)
    __rt_lib_init_lc_collate_1               0x0000033b   Thumb Code     0  libinit2.o(.ARM.Collect$$libinit$$0000000F)
    __rt_lib_init_lc_ctype_1                 0x0000033b   Thumb Code     0  libinit2.o(.ARM.Collect$$libinit$$00000011)
    __rt_lib_init_lc_monetary_1              0x0000033b   Thumb Code     0  libinit2.o(.ARM.Collect$$libinit$$00000013)
    __rt_lib_init_lc_numeric_1               0x0000033b   Thumb Code     0  libinit2.o(.ARM.Collect$$libinit$$00000015)
    __rt_lib_init_lc_time_1                  0x0000033b   Thumb Code     0  libinit2.o(.ARM.Collect$$libinit$$00000017)
    __rt_lib_init_rand_1                     0x0000033b   Thumb Code     0  libinit2.o(.ARM.Collect$$libinit$$0000000C)
    __rt_lib_init_return                     0x0000033b   Thumb Code     0  libinit2.o(.ARM.Collect$$libinit$$00000031)
    __rt_lib_init_signal_1                   0x0000033b   Thumb Code     0  libinit2.o(.ARM.Collect$$libinit$$0000001B)
    __rt_lib_init_stdio_1                    0x0000033b   Thumb Code     0  libinit2.o(.ARM.Collect$$libinit$$00000023)
    __rt_lib_init_user_alloc_1               0x0000033b   Thumb Code     0  libinit2.o(.ARM.Collect$$libinit$$0000000A)
    __rt_lib_shutdown                        0x0000033d   Thumb Code     0  libshutdown.o(.ARM.Collect$$libshutdown$$00000000)
    __rt_lib_shutdown_fp_trap_1              0x0000033f   Thumb Code     0  libshutdown2.o(.ARM.Collect$$libshutdown$$00000006)
    __rt_lib_shutdown_heap_1                 0x0000033f   Thumb Code     0  libshutdown2.o(.ARM.Collect$$libshutdown$$0000000E)
    __rt_lib_shutdown_return                 0x0000033f   Thumb Code     0  libshutdown2.o(.ARM.Collect$$libshutdown$$0000000F)
    __rt_lib_shutdown_signal_1               0x0000033f   Thumb Code     0  libshutdown2.o(.ARM.Collect$$libshutdown$$00000009)
    __rt_lib_shutdown_stdio_1                0x0000033f   Thumb Code     0  libshutdown2.o(.ARM.Collect$$libshutdown$$00000003)
    __rt_lib_shutdown_user_alloc_1           0x0000033f   Thumb Code     0  libshutdown2.o(.ARM.Collect$$libshutdown$$0000000B)
    __rt_entry                               0x00000341   Thumb Code     0  rtentry.o(.ARM.Collect$$rtentry$$00000000)
    __rt_entry_presh_1                       0x00000341   Thumb Code     0  rtentry2.o(.ARM.Collect$$rtentry$$00000002)
    __rt_entry_sh                            0x00000341   Thumb Code     0  rtentry4.o(.ARM.Collect$$rtentry$$00000004)
    __rt_entry_li                            0x00000347   Thumb Code     0  rtentry2.o(.ARM.Collect$$rtentry$$0000000A)
    __rt_entry_postsh_1                      0x00000347   Thumb Code     0  rtentry2.o(.ARM.Collect$$rtentry$$00000009)
    __rt_entry_main                          0x0000034b   Thumb Code     0  rtentry2.o(.ARM.Collect$$rtentry$$0000000D)
    __rt_entry_postli_1                      0x0000034b   Thumb Code     0  rtentry2.o(.ARM.Collect$$rtentry$$0000000C)
    __rt_exit                                0x00000353   Thumb Code     0  rtexit.o(.ARM.Collect$$rtexit$$00000000)
    __rt_exit_ls                             0x00000355   Thumb Code     0  rtexit2.o(.ARM.Collect$$rtexit$$00000003)
    __rt_exit_prels_1                        0x00000355   Thumb Code     0  rtexit2.o(.ARM.Collect$$rtexit$$00000002)
    __rt_exit_exit                           0x00000359   Thumb Code     0  rtexit2.o(.ARM.Collect$$rtexit$$00000004)
    DisableInterrupts                        0x00000361   Thumb Code     0  startup.o(.text)
    EnableInterrupts                         0x00000365   Thumb Code     0  startup.o(.text)
    StartCritical                            0x00000369   Thumb Code     0  startup.o(.text)
    EndCritical                              0x00000371   Thumb Code     0  startup.o(.text)
    WaitForInterrupt                         0x00000377   Thumb Code     0  startup.o(.text)
    __user_initial_stackheap                 0x0000037b   Thumb Code     0  startup.o(.text)
    Random_Init                              0x00000391   Thumb Code     0  random.o(.text)
    Random32                                 0x00000397   Thumb Code     2  random.o(.text)
    Random                                   0x000003a9   Thumb Code     2  random.o(.text)
    writecommand                             0x000003cd   Thumb Code     0  lcd.o(.text)
    writedata                                0x000003f9   Thumb Code     0  lcd.o(.text)
    LCD_OutDec                               0x00000425   Thumb Code     0  print.o(.text)
    LCD_OutFix                               0x00000473   Thumb Code     0  print.o(.text)
    ADC1_Init                                0x00000541   Thumb Code   170  texas.o(.text)
    SetCode                                  0x000005eb   Thumb Code    20  texas.o(.text)
    UART0_Init                               0x000005ff   Thumb Code   162  texas.o(.text)
    SetCourse                                0x000006a1   Thumb Code    22  texas.o(.text)
    PLL_Init                                 0x000006b7   Thumb Code   118  texas.o(.text)
    TExaS_Init                               0x0000072d   Thumb Code   282  texas.o(.text)
    StopTimer4                               0x00000847   Thumb Code    16  texas.o(.text)
    StartTimer4                              0x00000857   Thumb Code    24  texas.o(.text)
    Timer4A_Handler                          0x0000086f   Thumb Code    20  texas.o(.text)
    ADC1_In                                  0x00000883   Thumb Code     6  texas.o(.text)
    Timer5A_Handler                          0x00000889   Thumb Code    34  texas.o(.text)
    TExaS_Stop                               0x000008ab   Thumb Code    18  texas.o(.text)
    copy                                     0x000008bd   Thumb Code    16  texas.o(.text)
    SetMode                                  0x000008cd   Thumb Code    22  texas.o(.text)
    UART0_InChar                             0x000008e3   Thumb Code    20  texas.o(.text)
    UART0_InCharNonBlocking                  0x000008f7   Thumb Code    22  texas.o(.text)
    UART0_OutChar                            0x0000090d   Thumb Code   200  texas.o(.text)
    UART0_OutCharNonBlock                    0x000009d5   Thumb Code     6  texas.o(.text)
    __use_two_region_memory                  0x000009e1   Thumb Code     2  heapauxi.o(.text)
    __rt_heap_escrow$2region                 0x000009e3   Thumb Code     2  heapauxi.o(.text)
    __rt_heap_expand$2region                 0x000009e5   Thumb Code     2  heapauxi.o(.text)
    __user_setup_stackheap                   0x000009e7   Thumb Code    74  sys_stackheap_outer.o(.text)
    exit                                     0x00000a31   Thumb Code    12  exit.o(.text)
    __user_libspace                          0x00000a3d   Thumb Code     8  libspace.o(.text)
    __user_perproc_libspace                  0x00000a3d   Thumb Code     0  libspace.o(.text)
    __user_perthread_libspace                0x00000a3d   Thumb Code     0  libspace.o(.text)
    _sys_exit                                0x00000a45   Thumb Code     8  sys_exit.o(.text)
    __I$use$semihosting                      0x00000a51   Thumb Code     0  use_no_semi.o(.text)
    __use_no_semihosting_swi                 0x00000a51   Thumb Code     2  use_no_semi.o(.text)
    __semihosting_library_function           0x00000a53   Thumb Code     0  indicate_semi.o(.text)
    ADC_In                                   0x00000a55   Thumb Code    36  adc.o(i.ADC_In)
    ADC_Init                                 0x00000a81   Thumb Code   198  adc.o(i.ADC_Init)
    Button_Init                              0x00000b75   Thumb Code   286  button.o(i.Button_Init)
    Convert                                  0x00000cad   Thumb Code    12  spaceinvaders.o(i.Convert)
    DAC_Init                                 0x00000cb9   Thumb Code   106  dac.o(i.DAC_Init)
    DAC_Out                                  0x00000d31   Thumb Code     6  dac.o(i.DAC_Out)
    Delay100ms                               0x00000d3d   Thumb Code    30  spaceinvaders.o(i.Delay100ms)
    Delay1ms                                 0x00000d61   Thumb Code    32  st7735.o(i.Delay1ms)
    Delay_100ms                              0x00000d81   Thumb Code    30  display_engine.o(i.Delay_100ms)
    Display_Engine                           0x00000da5   Thumb Code   678  display_engine.o(i.Display_Engine)
    GPIOPortF_Handler                        0x00001069   Thumb Code    14  button.o(i.GPIOPortF_Handler)
    Output_Init                              0x00001081   Thumb Code    16  st7735.o(i.Output_Init)
    ST7735_DrawBitmap                        0x00001091   Thumb Code   280  st7735.o(i.ST7735_DrawBitmap)
    ST7735_DrawCharS                         0x000011b1   Thumb Code   232  st7735.o(i.ST7735_DrawCharS)
    ST7735_DrawPixel                         0x000012a5   Thumb Code    64  st7735.o(i.ST7735_DrawPixel)
    ST7735_DrawString                        0x000012ed   Thumb Code    86  st7735.o(i.ST7735_DrawString)
    ST7735_FillRect                          0x00001345   Thumb Code   164  st7735.o(i.ST7735_FillRect)
    ST7735_FillScreen                        0x000013f1   Thumb Code    28  st7735.o(i.ST7735_FillScreen)
    ST7735_InitR                             0x00001415   Thumb Code    90  st7735.o(i.ST7735_InitR)
    ST7735_OutChar                           0x00001491   Thumb Code   176  st7735.o(i.ST7735_OutChar)
    ST7735_OutString                         0x00001565   Thumb Code    24  st7735.o(i.ST7735_OutString)
    ST7735_SetCursor                         0x0000157d   Thumb Code    22  st7735.o(i.ST7735_SetCursor)
    Song_Play                                0x0000159d   Thumb Code    10  sound.o(i.Song_Play)
    Sound_Play                               0x000015ad   Thumb Code   156  sound.o(i.Sound_Play)
    SysTick_Handler                          0x00001681   Thumb Code    18  spaceinvaders.o(i.SysTick_Handler)
    SysTick_Init                             0x0000169d   Thumb Code    60  spaceinvaders.o(i.SysTick_Init)
    Timer0A_Handler                          0x000016dd   Thumb Code    16  timer0.o(i.Timer0A_Handler)
    Timer0_Init                              0x000016f5   Thumb Code    76  timer0.o(i.Timer0_Init)
    Timer1A_Handler                          0x00001755   Thumb Code    16  timer1.o(i.Timer1A_Handler)
    Timer1_Init                              0x0000176d   Thumb Code    76  timer1.o(i.Timer1_Init)
    Timer2A_Handler                          0x000017cd   Thumb Code   258  timer2.o(i.Timer2A_Handler)
    Timer2_Init                              0x000018fd   Thumb Code    84  timer2.o(i.Timer2_Init)
    UserTask0A                               0x00001965   Thumb Code   154  timer0.o(i.UserTask0A)
    UserTask1A                               0x00001a09   Thumb Code    32  timer1.o(i.UserTask1A)
    captBanana                               0x00001a31   Thumb Code   280  update.o(i.captBanana)
    check_Bullet                             0x00001b55   Thumb Code   112  update.o(i.check_Bullet)
    gorillaLand                              0x00001dc5   Thumb Code   180  update.o(i.gorillaLand)
    main                                     0x00001e85   Thumb Code   528  spaceinvaders.o(i.main)
    moveGorilla                              0x00002121   Thumb Code    58  update.o(i.moveGorilla)
    randomy                                  0x00002173   Thumb Code   116  display_engine.o(i.randomy)
    __aeabi_ddiv                             0x0000225d   Thumb Code     0  ddiv.o(x$fpl$ddiv)
    _ddiv                                    0x0000225d   Thumb Code   552  ddiv.o(x$fpl$ddiv)
    __aeabi_d2uiz                            0x0000250d   Thumb Code     0  dfixu.o(x$fpl$dfixu)
    _dfixu                                   0x0000250d   Thumb Code    90  dfixu.o(x$fpl$dfixu)
    __aeabi_ui2d                             0x00002567   Thumb Code     0  dflt_clz.o(x$fpl$dfltu)
    _dfltu                                   0x00002567   Thumb Code    38  dflt_clz.o(x$fpl$dfltu)
    __fpl_dnaninf                            0x0000258d   Thumb Code   156  dnaninf.o(x$fpl$dnaninf)
    __fpl_dretinf                            0x00002629   Thumb Code    12  dretinf.o(x$fpl$dretinf)
    __I$use$fp                               0x00002634   Number         0  usenofp.o(x$fpl$usenofp)
    dBfs                                     0x00002c16   Data         512  st7735.o(.constdata)
    cutie                                    0x00002e16   Data         450  struct_definition.o(.constdata)
    sprite_banana                            0x00002fd8   Data         390  struct_definition.o(.constdata)
    robot_clear                              0x0000315e   Data        1360  struct_definition.o(.constdata)
    right                                    0x000036ae   Data         450  struct_definition.o(.constdata)
    left                                     0x00003870   Data         450  struct_definition.o(.constdata)
    right2                                   0x00003a32   Data         450  struct_definition.o(.constdata)
    left2                                    0x00003bf4   Data         450  struct_definition.o(.constdata)
    pixel                                    0x00003db6   Data        9450  struct_definition.o(.constdata)
    emoji                                    0x000062a0   Data       14000  struct_definition.o(.constdata)
    guns_n_roses                             0x00009950   Data          96  struct_definition.o(.constdata)
    wave                                     0x000099b0   Data         128  struct_definition.o(.constdata)
    scream                                   0x00009a30   Data           6  struct_definition.o(.constdata)
    banana                                   0x00009a36   Data           8  struct_definition.o(.constdata)
    jump                                     0x00009a3e   Data           4  struct_definition.o(.constdata)
    menu                                     0x00009a42   Data           4  struct_definition.o(.constdata)
    end_song                                 0x00009a46   Data          44  struct_definition.o(.constdata)
    InputPortMsg                             0x00009a72   Data          40  texas.o(.constdata)
    OutputPortMsg                            0x00009a9a   Data          40  texas.o(.constdata)
    BlankMsg                                 0x00009ac2   Data          40  texas.o(.constdata)
    InitializedMsg                           0x00009aea   Data          40  texas.o(.constdata)
    IntroMsg                                 0x00009b12   Data          40  texas.o(.constdata)
    DoneMsg                                  0x00009b3a   Data          40  texas.o(.constdata)
    Region$$Table$$Base                      0x00009b64   Number         0  anon$$obj.o(Region$$Table)
    Region$$Table$$Limit                     0x00009b84   Number         0  anon$$obj.o(Region$$Table)
    PeriodicTask0                            0x20000008   Data           4  timer0.o(.data)
    PeriodicTask1                            0x2000000c   Data           4  timer1.o(.data)
    ADCStatus                                0x20000010   Data           4  spaceinvaders.o(.data)
    check                                    0x20000014   Data           4  spaceinvaders.o(.data)
    check1                                   0x20000018   Data           4  spaceinvaders.o(.data)
    newY                                     0x2000001c   Data           4  spaceinvaders.o(.data)
    i                                        0x20000020   Data           1  spaceinvaders.o(.data)
    ADCMail                                  0x20000024   Data           4  spaceinvaders.o(.data)
    newX                                     0x20000028   Data           4  spaceinvaders.o(.data)
    value2                                   0x2000002c   Data           4  spaceinvaders.o(.data)
    y                                        0x20000030   Data           1  spaceinvaders.o(.data)
    seed                                     0x20000034   Data           4  spaceinvaders.o(.data)
    StX                                      0x20000038   Data           4  st7735.o(.data)
    StY                                      0x2000003c   Data           4  st7735.o(.data)
    StTextColor                              0x20000040   Data           2  st7735.o(.data)
    lastj                                    0x20000048   Data           4  st7735.o(.data)
    Messageindex                             0x20000050   Data           4  st7735.o(.data)
    Ymax                                     0x20000054   Data           4  st7735.o(.data)
    Ymin                                     0x20000058   Data           4  st7735.o(.data)
    X                                        0x2000005c   Data           4  st7735.o(.data)
    Yrange                                   0x20000060   Data           4  st7735.o(.data)
    Gorilla                                  0x20000064   Data          24  struct_definition.o(.data)
    Bananas                                  0x2000007c   Data          72  struct_definition.o(.data)
    Bullet                                   0x200000c4   Data         100  struct_definition.o(.data)
    Platform                                 0x20000128   Data          48  struct_definition.o(.data)
    Gdown                                    0x20000158   Data           1  global_variables.o(.data)
    dead_flag                                0x20000159   Data           1  global_variables.o(.data)
    Index                                    0x2000015a   Data           1  global_variables.o(.data)
    cnt                                      0x2000015b   Data           1  global_variables.o(.data)
    sound_flag                               0x2000015c   Data           1  global_variables.o(.data)
    eindex                                   0x2000015e   Data           2  global_variables.o(.data)
    sindex                                   0x20000160   Data           1  global_variables.o(.data)
    bindex                                   0x20000161   Data           1  global_variables.o(.data)
    jindex                                   0x20000162   Data           1  global_variables.o(.data)
    mindex                                   0x20000163   Data           1  global_variables.o(.data)
    TimerCount                               0x20000164   Data           4  timer2.o(.data)
    TExaS_Period                             0x20000168   Data           4  texas.o(.data)
    TExaS_Ports                              0x2000016c   Data           8  texas.o(.data)
    TExaS_Meter                              0x20000174   Data           4  texas.o(.data)
    ADCnum                                   0x20000178   Data           4  texas.o(.data)
    LastMode                                 0x2000017c   Data           4  texas.o(.data)
    bFlag                                    0x20000180   Data           4  texas.o(.data)
    Count                                    0x20000184   Data           4  texas.o(.data)
    DelayBetweenTests                        0x20000188   Data           4  texas.o(.data)
    TExaS_Test                               0x2000018c   Data           4  texas.o(.data)
    ScopeMode                                0x20000190   Data           4  texas.o(.data)
    ScopeCount                               0x20000194   Data           4  texas.o(.data)
    TExaS                                    0x200001a0   Data          56  texas.o(.bss)
    __libspace_start                         0x200001d8   Data          96  libspace.o(.bss)
    __temporary_stack_top$libspace           0x20000238   Data           0  libspace.o(.bss)



==============================================================================

Memory Map of the image

  Image Entry point : 0x0000026d

  Load Region LR_1 (Base: 0x00000000, Size: 0x00009d20, Max: 0xffffffff, ABSOLUTE, COMPRESSED[0x00009bd4])

    Execution Region ER_RO (Base: 0x00000000, Size: 0x00009b84, Max: 0xffffffff, ABSOLUTE)

    Base Addr    Size         Type   Attr      Idx    E Section Name        Object

    0x00000000   0x00000284   Code   RO            3  * RESET               startup.o
    0x00000284   0x00000008   Code   RO          622  * !!!main             c_w.l(__main.o)
    0x0000028c   0x00000034   Code   RO          797    !!!scatter          c_w.l(__scatter.o)
    0x000002c0   0x0000005a   Code   RO          795    !!dczerorl2         c_w.l(__dczerorl2.o)
    0x0000031a   0x00000002   PAD
    0x0000031c   0x0000001c   Code   RO          799    !!handler_zi        c_w.l(__scatter_zi.o)
    0x00000338   0x00000002   Code   RO          668    .ARM.Collect$$libinit$$00000000  c_w.l(libinit.o)
    0x0000033a   0x00000000   Code   RO          675    .ARM.Collect$$libinit$$00000002  c_w.l(libinit2.o)
    0x0000033a   0x00000000   Code   RO          678    .ARM.Collect$$libinit$$00000008  c_w.l(libinit2.o)
    0x0000033a   0x00000000   Code   RO          680    .ARM.Collect$$libinit$$0000000A  c_w.l(libinit2.o)
    0x0000033a   0x00000000   Code   RO          682    .ARM.Collect$$libinit$$0000000C  c_w.l(libinit2.o)
    0x0000033a   0x00000000   Code   RO          685    .ARM.Collect$$libinit$$0000000F  c_w.l(libinit2.o)
    0x0000033a   0x00000000   Code   RO          687    .ARM.Collect$$libinit$$00000011  c_w.l(libinit2.o)
    0x0000033a   0x00000000   Code   RO          689    .ARM.Collect$$libinit$$00000013  c_w.l(libinit2.o)
    0x0000033a   0x00000000   Code   RO          691    .ARM.Collect$$libinit$$00000015  c_w.l(libinit2.o)
    0x0000033a   0x00000000   Code   RO          693    .ARM.Collect$$libinit$$00000017  c_w.l(libinit2.o)
    0x0000033a   0x00000000   Code   RO          695    .ARM.Collect$$libinit$$00000019  c_w.l(libinit2.o)
    0x0000033a   0x00000000   Code   RO          697    .ARM.Collect$$libinit$$0000001B  c_w.l(libinit2.o)
    0x0000033a   0x00000000   Code   RO          699    .ARM.Collect$$libinit$$0000001D  c_w.l(libinit2.o)
    0x0000033a   0x00000000   Code   RO          701    .ARM.Collect$$libinit$$0000001F  c_w.l(libinit2.o)
    0x0000033a   0x00000000   Code   RO          703    .ARM.Collect$$libinit$$00000021  c_w.l(libinit2.o)
    0x0000033a   0x00000000   Code   RO          705    .ARM.Collect$$libinit$$00000023  c_w.l(libinit2.o)
    0x0000033a   0x00000000   Code   RO          709    .ARM.Collect$$libinit$$0000002A  c_w.l(libinit2.o)
    0x0000033a   0x00000000   Code   RO          711    .ARM.Collect$$libinit$$0000002C  c_w.l(libinit2.o)
    0x0000033a   0x00000000   Code   RO          713    .ARM.Collect$$libinit$$0000002E  c_w.l(libinit2.o)
    0x0000033a   0x00000000   Code   RO          715    .ARM.Collect$$libinit$$00000030  c_w.l(libinit2.o)
    0x0000033a   0x00000002   Code   RO          716    .ARM.Collect$$libinit$$00000031  c_w.l(libinit2.o)
    0x0000033c   0x00000002   Code   RO          736    .ARM.Collect$$libshutdown$$00000000  c_w.l(libshutdown.o)
    0x0000033e   0x00000000   Code   RO          750    .ARM.Collect$$libshutdown$$00000003  c_w.l(libshutdown2.o)
    0x0000033e   0x00000000   Code   RO          753    .ARM.Collect$$libshutdown$$00000006  c_w.l(libshutdown2.o)
    0x0000033e   0x00000000   Code   RO          756    .ARM.Collect$$libshutdown$$00000009  c_w.l(libshutdown2.o)
    0x0000033e   0x00000000   Code   RO          758    .ARM.Collect$$libshutdown$$0000000B  c_w.l(libshutdown2.o)
    0x0000033e   0x00000000   Code   RO          761    .ARM.Collect$$libshutdown$$0000000E  c_w.l(libshutdown2.o)
    0x0000033e   0x00000002   Code   RO          762    .ARM.Collect$$libshutdown$$0000000F  c_w.l(libshutdown2.o)
    0x00000340   0x00000000   Code   RO          638    .ARM.Collect$$rtentry$$00000000  c_w.l(rtentry.o)
    0x00000340   0x00000000   Code   RO          645    .ARM.Collect$$rtentry$$00000002  c_w.l(rtentry2.o)
    0x00000340   0x00000006   Code   RO          657    .ARM.Collect$$rtentry$$00000004  c_w.l(rtentry4.o)
    0x00000346   0x00000000   Code   RO          647    .ARM.Collect$$rtentry$$00000009  c_w.l(rtentry2.o)
    0x00000346   0x00000004   Code   RO          648    .ARM.Collect$$rtentry$$0000000A  c_w.l(rtentry2.o)
    0x0000034a   0x00000000   Code   RO          650    .ARM.Collect$$rtentry$$0000000C  c_w.l(rtentry2.o)
    0x0000034a   0x00000008   Code   RO          651    .ARM.Collect$$rtentry$$0000000D  c_w.l(rtentry2.o)
    0x00000352   0x00000002   Code   RO          672    .ARM.Collect$$rtexit$$00000000  c_w.l(rtexit.o)
    0x00000354   0x00000000   Code   RO          718    .ARM.Collect$$rtexit$$00000002  c_w.l(rtexit2.o)
    0x00000354   0x00000004   Code   RO          719    .ARM.Collect$$rtexit$$00000003  c_w.l(rtexit2.o)
    0x00000358   0x00000006   Code   RO          720    .ARM.Collect$$rtexit$$00000004  c_w.l(rtexit2.o)
    0x0000035e   0x00000002   PAD
    0x00000360   0x00000030   Code   RO            4    .text               startup.o
    0x00000390   0x0000003c   Code   RO           13    .text               random.o
    0x000003cc   0x00000058   Code   RO          157    .text               lcd.o
    0x00000424   0x0000011c   Code   RO          160    .text               print.o
    0x00000540   0x000004a0   Code   RO          601    .text               texas.o
    0x000009e0   0x00000006   Code   RO          620    .text               c_w.l(heapauxi.o)
    0x000009e6   0x0000004a   Code   RO          659    .text               c_w.l(sys_stackheap_outer.o)
    0x00000a30   0x0000000c   Code   RO          661    .text               c_w.l(exit.o)
    0x00000a3c   0x00000008   Code   RO          669    .text               c_w.l(libspace.o)
    0x00000a44   0x0000000c   Code   RO          728    .text               c_w.l(sys_exit.o)
    0x00000a50   0x00000002   Code   RO          739    .text               c_w.l(use_no_semi.o)
    0x00000a52   0x00000000   Code   RO          741    .text               c_w.l(indicate_semi.o)
    0x00000a52   0x00000002   PAD
    0x00000a54   0x0000002c   Code   RO           41    i.ADC_In            adc.o
    0x00000a80   0x000000f4   Code   RO           42    i.ADC_Init          adc.o
    0x00000b74   0x00000138   Code   RO          553    i.Button_Init       button.o
    0x00000cac   0x0000000c   Code   RO          163    i.Convert           spaceinvaders.o
    0x00000cb8   0x00000078   Code   RO           16    i.DAC_Init          dac.o
    0x00000d30   0x0000000c   Code   RO           17    i.DAC_Out           dac.o
    0x00000d3c   0x00000024   Code   RO          164    i.Delay100ms        spaceinvaders.o
    0x00000d60   0x00000020   Code   RO          220    i.Delay1ms          st7735.o
    0x00000d80   0x00000024   Code   RO          496    i.Delay_100ms       display_engine.o
    0x00000da4   0x000002c4   Code   RO          497    i.Display_Engine    display_engine.o
    0x00001068   0x00000018   Code   RO          554    i.GPIOPortF_Handler  button.o
    0x00001080   0x00000010   Code   RO          223    i.Output_Init       st7735.o
    0x00001090   0x00000120   Code   RO          227    i.ST7735_DrawBitmap  st7735.o
    0x000011b0   0x000000f4   Code   RO          229    i.ST7735_DrawCharS  st7735.o
    0x000012a4   0x00000048   Code   RO          232    i.ST7735_DrawPixel  st7735.o
    0x000012ec   0x00000056   Code   RO          233    i.ST7735_DrawString  st7735.o
    0x00001342   0x00000002   PAD
    0x00001344   0x000000ac   Code   RO          234    i.ST7735_FillRect   st7735.o
    0x000013f0   0x00000024   Code   RO          235    i.ST7735_FillScreen  st7735.o
    0x00001414   0x0000007c   Code   RO          237    i.ST7735_InitR      st7735.o
    0x00001490   0x000000d4   Code   RO          239    i.ST7735_OutChar    st7735.o
    0x00001564   0x00000018   Code   RO          240    i.ST7735_OutString  st7735.o
    0x0000157c   0x00000020   Code   RO          250    i.ST7735_SetCursor  st7735.o
    0x0000159c   0x00000010   Code   RO          124    i.Song_Play         sound.o
    0x000015ac   0x000000d4   Code   RO          126    i.Sound_Play        sound.o
    0x00001680   0x0000001c   Code   RO          165    i.SysTick_Handler   spaceinvaders.o
    0x0000169c   0x00000040   Code   RO          166    i.SysTick_Init      spaceinvaders.o
    0x000016dc   0x00000018   Code   RO           59    i.Timer0A_Handler   timer0.o
    0x000016f4   0x00000060   Code   RO           60    i.Timer0_Init       timer0.o
    0x00001754   0x00000018   Code   RO           90    i.Timer1A_Handler   timer1.o
    0x0000176c   0x00000060   Code   RO           91    i.Timer1_Init       timer1.o
    0x000017cc   0x00000130   Code   RO          580    i.Timer2A_Handler   timer2.o
    0x000018fc   0x00000068   Code   RO          581    i.Timer2_Init       timer2.o
    0x00001964   0x000000a4   Code   RO           61    i.UserTask0A        timer0.o
    0x00001a08   0x00000028   Code   RO           92    i.UserTask1A        timer1.o
    0x00001a30   0x00000124   Code   RO          523    i.captBanana        update.o
    0x00001b54   0x00000080   Code   RO          524    i.check_Bullet      update.o
    0x00001bd4   0x00000056   Code   RO          254    i.commandList       st7735.o
    0x00001c2a   0x00000002   PAD
    0x00001c2c   0x00000198   Code   RO          255    i.commonInit        st7735.o
    0x00001dc4   0x000000c0   Code   RO          525    i.gorillaLand       update.o
    0x00001e84   0x0000029c   Code   RO          167    i.main              spaceinvaders.o
    0x00002120   0x00000040   Code   RO          526    i.moveGorilla       update.o
    0x00002160   0x00000012   Code   RO          260    i.pushColor         st7735.o
    0x00002172   0x00000074   Code   RO          498    i.randomy           display_engine.o
    0x000021e6   0x00000002   PAD
    0x000021e8   0x00000074   Code   RO          261    i.setAddrWindow     st7735.o
    0x0000225c   0x000002b0   Code   RO          625    x$fpl$ddiv          fz_ws.l(ddiv.o)
    0x0000250c   0x0000005a   Code   RO          628    x$fpl$dfixu         fz_ws.l(dfixu.o)
    0x00002566   0x00000026   Code   RO          632    x$fpl$dfltu         fz_ws.l(dflt_clz.o)
    0x0000258c   0x0000009c   Code   RO          639    x$fpl$dnaninf       fz_ws.l(dnaninf.o)
    0x00002628   0x0000000c   Code   RO          641    x$fpl$dretinf       fz_ws.l(dretinf.o)
    0x00002634   0x00000000   Code   RO          643    x$fpl$usenofp       fz_ws.l(usenofp.o)
    0x00002634   0x000007e2   Data   RO          263    .constdata          st7735.o
    0x00002e16   0x00006c5c   Data   RO          483    .constdata          struct_definition.o
    0x00009a72   0x000000f0   Data   RO          603    .constdata          texas.o
    0x00009b62   0x00000002   PAD
    0x00009b64   0x00000020   Data   RO          793    Region$$Table       anon$$obj.o


    Execution Region ER_RW (Base: 0x20000000, Size: 0x0000019c, Max: 0xffffffff, ABSOLUTE, COMPRESSED[0x00000050])

    Base Addr    Size         Type   Attr      Idx    E Section Name        Object

    0x20000000   0x0000000c   Data   RW           62    .data               timer0.o
    0x2000000c   0x00000004   Data   RW           93    .data               timer1.o
    0x20000010   0x00000028   Data   RW          168    .data               spaceinvaders.o
    0x20000038   0x0000002c   Data   RW          264    .data               st7735.o
    0x20000064   0x000000f4   Data   RW          484    .data               struct_definition.o
    0x20000158   0x0000000c   Data   RW          571    .data               global_variables.o
    0x20000164   0x00000004   Data   RW          582    .data               timer2.o
    0x20000168   0x00000030   Data   RW          604    .data               texas.o
    0x20000198   0x00000004   Data   RW           12    DATA                random.o


    Execution Region ER_ZI (Base: 0x2000019c, Size: 0x0000049c, Max: 0xffffffff, ABSOLUTE)

    Base Addr    Size         Type   Attr      Idx    E Section Name        Object

    0x2000019c   0x00000004   PAD
    0x200001a0   0x00000038   Zero   RW          602    .bss                texas.o
    0x200001d8   0x00000060   Zero   RW          670    .bss                c_w.l(libspace.o)
    0x20000238   0x00000000   Zero   RW            2    HEAP                startup.o
    0x20000238   0x00000400   Zero   RW            1    STACK               startup.o


==============================================================================

Image component sizes


      Code (inc. data)   RO Data    RW Data    ZI Data      Debug   Object Name

       288         54          0          0          0        876   adc.o
       336         36          0          0          0        886   button.o
       132         20          0          0          0       5021   dac.o
       860         42          0          0          0       2069   display_engine.o
         0          0          0         12          0        466   global_variables.o
        88         14          0          0          0        216   lcd.o
       284          6          0          0          0        276   print.o
        60         14          0          4          0        208   random.o
       228         62          0          0          0        837   sound.o
       808        160          0         40          0       4010   spaceinvaders.o
      1966        184       2018         44          0      12396   st7735.o
       692        632          0          0       1024        924   startup.o
         0          0      27740        244          0       1929   struct_definition.o
      1184        188        240         48         56      14668   texas.o
       284         38          0         12          0       1809   timer0.o
       160         36          0          4          0       1769   timer1.o
       408         66          0          4          0       1257   timer2.o
       676         46          0          0          0       1844   update.o

    ----------------------------------------------------------------------
      8460       1598      30032        412       1084      51461   Object Totals
         0          0         32          0          0          0   (incl. Generated)
         6          0          2          0          4          0   (incl. Padding)

    ----------------------------------------------------------------------

      Code (inc. data)   RO Data    RW Data    ZI Data      Debug   Library Member Name

        90          0          0          0          0          0   __dczerorl2.o
         8          0          0          0          0         68   __main.o
        52          8          0          0          0          0   __scatter.o
        28          0          0          0          0          0   __scatter_zi.o
        12          0          0          0          0         72   exit.o
         6          0          0          0          0        152   heapauxi.o
         0          0          0          0          0          0   indicate_semi.o
         2          0          0          0          0          0   libinit.o
         2          0          0          0          0          0   libinit2.o
         2          0          0          0          0          0   libshutdown.o
         2          0          0          0          0          0   libshutdown2.o
         8          4          0          0         96         68   libspace.o
         0          0          0          0          0          0   rtentry.o
        12          0          0          0          0          0   rtentry2.o
         6          0          0          0          0          0   rtentry4.o
         2          0          0          0          0          0   rtexit.o
        10          0          0          0          0          0   rtexit2.o
        12          4          0          0          0         68   sys_exit.o
        74          0          0          0          0         80   sys_stackheap_outer.o
         2          0          0          0          0         68   use_no_semi.o
       688        140          0          0          0        208   ddiv.o
        90          4          0          0          0         92   dfixu.o
        38          0          0          0          0         68   dflt_clz.o
       156          4          0          0          0         92   dnaninf.o
        12          0          0          0          0         68   dretinf.o
         0          0          0          0          0          0   usenofp.o

    ----------------------------------------------------------------------
      1320        164          0          0         96       1104   Library Totals
         6          0          0          0          0          0   (incl. Padding)

    ----------------------------------------------------------------------

      Code (inc. data)   RO Data    RW Data    ZI Data      Debug   Library Name

       330         16          0          0         96        576   c_w.l
       984        148          0          0          0        528   fz_ws.l

    ----------------------------------------------------------------------
      1320        164          0          0         96       1104   Library Totals

    ----------------------------------------------------------------------

==============================================================================


      Code (inc. data)   RO Data    RW Data    ZI Data      Debug   

      9780       1762      30032        412       1180      49705   Grand Totals
      9780       1762      30032         80       1180      49705   ELF Image Totals (compressed)
      9780       1762      30032         80          0          0   ROM Totals

==============================================================================

    Total RO  Size (Code + RO Data)                39812 (  38.88kB)
    Total RW  Size (RW Data + ZI Data)              1592 (   1.55kB)
    Total ROM Size (Code + RO Data + RW Data)      39892 (  38.96kB)

==============================================================================

